

================================================================
== Vitis HLS Report for 'dense_array_ap_ufixed_8u_array_ap_fixed_18_7_5_3_0_32u_config11_s'
================================================================
* Date:           Thu Jul  2 23:53:16 2026

* Version:        2022.2 (Build 3670227 on Oct 13 2022)
* Project:        myproject_prj
* Solution:       solution1 (Vivado IP Flow Target)
* Product family: zynq
* Target device:  xc7z020-clg400-1


================================================================
== Performance Estimates
================================================================
+ Timing: 
    * Summary: 
    +--------+---------+----------+------------+
    |  Clock |  Target | Estimated| Uncertainty|
    +--------+---------+----------+------------+
    |ap_clk  |  5.00 ns|  3.254 ns|     1.35 ns|
    +--------+---------+----------+------------+

+ Latency: 
    * Summary: 
    +---------+---------+----------+----------+-----+-----+---------+
    |  Latency (cycles) |  Latency (absolute) |  Interval | Pipeline|
    |   min   |   max   |    min   |    max   | min | max |   Type  |
    +---------+---------+----------+----------+-----+-----+---------+
    |       73|      130|  0.365 us|  0.650 us|   73|  130|       no|
    +---------+---------+----------+----------+-----+-----+---------+

    + Detail: 
        * Instance: 
        +-------------------------------------------------------------------------------------+-------------------------------------------------------------------------+---------+---------+-----------+-----------+-----+-----+---------+
        |                                                                                     |                                                                         |  Latency (cycles) |   Latency (absolute)  |  Interval | Pipeline|
        |                                       Instance                                      |                                  Module                                 |   min   |   max   |    min    |    max    | min | max |   Type  |
        +-------------------------------------------------------------------------------------+-------------------------------------------------------------------------+---------+---------+-----------+-----------+-----+-----+---------+
        |grp_dense_array_array_ap_fixed_18_7_5_3_0_32u_config11_Pipeline_DataPrepare_fu_2106  |dense_array_array_ap_fixed_18_7_5_3_0_32u_config11_Pipeline_DataPrepare  |        6|        6|  30.000 ns|  30.000 ns|    6|    6|       no|
        +-------------------------------------------------------------------------------------+-------------------------------------------------------------------------+---------+---------+-----------+-----------+-----+-----+---------+

        * Loop: 
        +-------------+---------+---------+----------+-----------+-----------+------+----------+
        |             |  Latency (cycles) | Iteration|  Initiation Interval  | Trip |          |
        |  Loop Name  |   min   |   max   |  Latency |  achieved |   target  | Count| Pipelined|
        +-------------+---------+---------+----------+-----------+-----------+------+----------+
        |- ReuseLoop  |       73|      129|    9 ~ 17|          -|          -|     8|        no|
        +-------------+---------+---------+----------+-----------+-----------+------+----------+



================================================================
== Utilization Estimates
================================================================
* Summary: 
+-----------------+---------+-----+--------+-------+-----+
|       Name      | BRAM_18K| DSP |   FF   |  LUT  | URAM|
+-----------------+---------+-----+--------+-------+-----+
|DSP              |        -|   64|       -|      -|    -|
|Expression       |        -|    -|       0|   1301|    -|
|FIFO             |        -|    -|       -|      -|    -|
|Instance         |        -|   64|     200|    237|    -|
|Memory           |       22|    -|       0|      0|    -|
|Multiplexer      |        -|    -|       -|    686|    -|
|Register         |        -|    -|    4268|      -|    -|
+-----------------+---------+-----+--------+-------+-----+
|Total            |       22|  128|    4468|   2224|    0|
+-----------------+---------+-----+--------+-------+-----+
|Available        |      280|  220|  106400|  53200|    0|
+-----------------+---------+-----+--------+-------+-----+
|Utilization (%)  |        7|   58|       4|      4|    0|
+-----------------+---------+-----+--------+-------+-----+

+ Detail: 
    * Instance: 
    +-------------------------------------------------------------------------------------+-------------------------------------------------------------------------+---------+----+-----+----+-----+
    |                                       Instance                                      |                                  Module                                 | BRAM_18K| DSP|  FF | LUT| URAM|
    +-------------------------------------------------------------------------------------+-------------------------------------------------------------------------+---------+----+-----+----+-----+
    |grp_dense_array_array_ap_fixed_18_7_5_3_0_32u_config11_Pipeline_DataPrepare_fu_2106  |dense_array_array_ap_fixed_18_7_5_3_0_32u_config11_Pipeline_DataPrepare  |        0|   0|  200|  69|    0|
    |mul_6s_6ns_12_3_1_U217                                                               |mul_6s_6ns_12_3_1                                                        |        0|   1|    0|   0|    0|
    |mul_6s_6ns_12_3_1_U218                                                               |mul_6s_6ns_12_3_1                                                        |        0|   1|    0|   0|    0|
    |mul_6s_6ns_12_3_1_U219                                                               |mul_6s_6ns_12_3_1                                                        |        0|   1|    0|   0|    0|
    |mul_6s_6ns_12_3_1_U220                                                               |mul_6s_6ns_12_3_1                                                        |        0|   1|    0|   0|    0|
    |mul_6s_6ns_12_3_1_U221                                                               |mul_6s_6ns_12_3_1                                                        |        0|   1|    0|   0|    0|
    |mul_6s_6ns_12_3_1_U222                                                               |mul_6s_6ns_12_3_1                                                        |        0|   1|    0|   0|    0|
    |mul_6s_6ns_12_3_1_U223                                                               |mul_6s_6ns_12_3_1                                                        |        0|   1|    0|   0|    0|
    |mul_6s_6ns_12_3_1_U224                                                               |mul_6s_6ns_12_3_1                                                        |        0|   1|    0|   0|    0|
    |mul_6s_6ns_12_3_1_U225                                                               |mul_6s_6ns_12_3_1                                                        |        0|   1|    0|   0|    0|
    |mul_6s_6ns_12_3_1_U226                                                               |mul_6s_6ns_12_3_1                                                        |        0|   1|    0|   0|    0|
    |mul_6s_6ns_12_3_1_U227                                                               |mul_6s_6ns_12_3_1                                                        |        0|   1|    0|   0|    0|
    |mul_6s_6ns_12_3_1_U228                                                               |mul_6s_6ns_12_3_1                                                        |        0|   1|    0|   0|    0|
    |mul_6s_6ns_12_3_1_U229                                                               |mul_6s_6ns_12_3_1                                                        |        0|   1|    0|   0|    0|
    |mul_6s_6ns_12_3_1_U230                                                               |mul_6s_6ns_12_3_1                                                        |        0|   1|    0|   0|    0|
    |mul_6s_6ns_12_3_1_U231                                                               |mul_6s_6ns_12_3_1                                                        |        0|   1|    0|   0|    0|
    |mul_6s_6ns_12_3_1_U232                                                               |mul_6s_6ns_12_3_1                                                        |        0|   1|    0|   0|    0|
    |mul_6s_6ns_12_3_1_U233                                                               |mul_6s_6ns_12_3_1                                                        |        0|   1|    0|   0|    0|
    |mul_6s_6ns_12_3_1_U234                                                               |mul_6s_6ns_12_3_1                                                        |        0|   1|    0|   0|    0|
    |mul_6s_6ns_12_3_1_U235                                                               |mul_6s_6ns_12_3_1                                                        |        0|   1|    0|   0|    0|
    |mul_6s_6ns_12_3_1_U236                                                               |mul_6s_6ns_12_3_1                                                        |        0|   1|    0|   0|    0|
    |mul_6s_6ns_12_3_1_U237                                                               |mul_6s_6ns_12_3_1                                                        |        0|   1|    0|   0|    0|
    |mul_6s_6ns_12_3_1_U238                                                               |mul_6s_6ns_12_3_1                                                        |        0|   1|    0|   0|    0|
    |mul_6s_6ns_12_3_1_U239                                                               |mul_6s_6ns_12_3_1                                                        |        0|   1|    0|   0|    0|
    |mul_6s_6ns_12_3_1_U240                                                               |mul_6s_6ns_12_3_1                                                        |        0|   1|    0|   0|    0|
    |mul_6s_6ns_12_3_1_U241                                                               |mul_6s_6ns_12_3_1                                                        |        0|   1|    0|   0|    0|
    |mul_6s_6ns_12_3_1_U242                                                               |mul_6s_6ns_12_3_1                                                        |        0|   1|    0|   0|    0|
    |mul_6s_6ns_12_3_1_U243                                                               |mul_6s_6ns_12_3_1                                                        |        0|   1|    0|   0|    0|
    |mul_6s_6ns_12_3_1_U244                                                               |mul_6s_6ns_12_3_1                                                        |        0|   1|    0|   0|    0|
    |mul_6s_6ns_12_3_1_U245                                                               |mul_6s_6ns_12_3_1                                                        |        0|   1|    0|   0|    0|
    |mul_6s_6ns_12_3_1_U246                                                               |mul_6s_6ns_12_3_1                                                        |        0|   1|    0|   0|    0|
    |mul_6s_6ns_12_3_1_U247                                                               |mul_6s_6ns_12_3_1                                                        |        0|   1|    0|   0|    0|
    |mul_6s_6ns_12_3_1_U248                                                               |mul_6s_6ns_12_3_1                                                        |        0|   1|    0|   0|    0|
    |mul_6s_6ns_12_3_1_U249                                                               |mul_6s_6ns_12_3_1                                                        |        0|   1|    0|   0|    0|
    |mul_6s_6ns_12_3_1_U250                                                               |mul_6s_6ns_12_3_1                                                        |        0|   1|    0|   0|    0|
    |mul_6s_6ns_12_3_1_U251                                                               |mul_6s_6ns_12_3_1                                                        |        0|   1|    0|   0|    0|
    |mul_6s_6ns_12_3_1_U252                                                               |mul_6s_6ns_12_3_1                                                        |        0|   1|    0|   0|    0|
    |mul_6s_6ns_12_3_1_U253                                                               |mul_6s_6ns_12_3_1                                                        |        0|   1|    0|   0|    0|
    |mul_6s_6ns_12_3_1_U254                                                               |mul_6s_6ns_12_3_1                                                        |        0|   1|    0|   0|    0|
    |mul_6s_6ns_12_3_1_U255                                                               |mul_6s_6ns_12_3_1                                                        |        0|   1|    0|   0|    0|
    |mul_6s_6ns_12_3_1_U256                                                               |mul_6s_6ns_12_3_1                                                        |        0|   1|    0|   0|    0|
    |mul_6s_6ns_12_3_1_U257                                                               |mul_6s_6ns_12_3_1                                                        |        0|   1|    0|   0|    0|
    |mul_6s_6ns_12_3_1_U258                                                               |mul_6s_6ns_12_3_1                                                        |        0|   1|    0|   0|    0|
    |mul_6s_6ns_12_3_1_U259                                                               |mul_6s_6ns_12_3_1                                                        |        0|   1|    0|   0|    0|
    |mul_6s_6ns_12_3_1_U260                                                               |mul_6s_6ns_12_3_1                                                        |        0|   1|    0|   0|    0|
    |mul_6s_6ns_12_3_1_U261                                                               |mul_6s_6ns_12_3_1                                                        |        0|   1|    0|   0|    0|
    |mul_6s_6ns_12_3_1_U262                                                               |mul_6s_6ns_12_3_1                                                        |        0|   1|    0|   0|    0|
    |mul_6s_6ns_12_3_1_U263                                                               |mul_6s_6ns_12_3_1                                                        |        0|   1|    0|   0|    0|
    |mul_6s_6ns_12_3_1_U264                                                               |mul_6s_6ns_12_3_1                                                        |        0|   1|    0|   0|    0|
    |mul_6s_6ns_12_3_1_U265                                                               |mul_6s_6ns_12_3_1                                                        |        0|   1|    0|   0|    0|
    |mul_6s_6ns_12_3_1_U266                                                               |mul_6s_6ns_12_3_1                                                        |        0|   1|    0|   0|    0|
    |mul_6s_6ns_12_3_1_U267                                                               |mul_6s_6ns_12_3_1                                                        |        0|   1|    0|   0|    0|
    |mul_6s_6ns_12_3_1_U268                                                               |mul_6s_6ns_12_3_1                                                        |        0|   1|    0|   0|    0|
    |mul_6s_6ns_12_3_1_U269                                                               |mul_6s_6ns_12_3_1                                                        |        0|   1|    0|   0|    0|
    |mul_6s_6ns_12_3_1_U270                                                               |mul_6s_6ns_12_3_1                                                        |        0|   1|    0|   0|    0|
    |mul_6s_6ns_12_3_1_U271                                                               |mul_6s_6ns_12_3_1                                                        |        0|   1|    0|   0|    0|
    |mul_6s_6ns_12_3_1_U272                                                               |mul_6s_6ns_12_3_1                                                        |        0|   1|    0|   0|    0|
    |mul_6s_6ns_12_3_1_U273                                                               |mul_6s_6ns_12_3_1                                                        |        0|   1|    0|   0|    0|
    |mul_6s_6ns_12_3_1_U274                                                               |mul_6s_6ns_12_3_1                                                        |        0|   1|    0|   0|    0|
    |mul_6s_6ns_12_3_1_U275                                                               |mul_6s_6ns_12_3_1                                                        |        0|   1|    0|   0|    0|
    |mul_6s_6ns_12_3_1_U276                                                               |mul_6s_6ns_12_3_1                                                        |        0|   1|    0|   0|    0|
    |mul_6s_6ns_12_3_1_U277                                                               |mul_6s_6ns_12_3_1                                                        |        0|   1|    0|   0|    0|
    |mul_6s_6ns_12_3_1_U278                                                               |mul_6s_6ns_12_3_1                                                        |        0|   1|    0|   0|    0|
    |mul_6s_6ns_12_3_1_U279                                                               |mul_6s_6ns_12_3_1                                                        |        0|   1|    0|   0|    0|
    |mul_6s_6ns_12_3_1_U280                                                               |mul_6s_6ns_12_3_1                                                        |        0|   1|    0|   0|    0|
    |mux_83_6_1_1_U213                                                                    |mux_83_6_1_1                                                             |        0|   0|    0|  42|    0|
    |mux_83_6_1_1_U214                                                                    |mux_83_6_1_1                                                             |        0|   0|    0|  42|    0|
    |mux_83_6_1_1_U215                                                                    |mux_83_6_1_1                                                             |        0|   0|    0|  42|    0|
    |mux_83_6_1_1_U216                                                                    |mux_83_6_1_1                                                             |        0|   0|    0|  42|    0|
    +-------------------------------------------------------------------------------------+-------------------------------------------------------------------------+---------+----+-----+----+-----+
    |Total                                                                                |                                                                         |        0|  64|  200| 237|    0|
    +-------------------------------------------------------------------------------------+-------------------------------------------------------------------------+---------+----+-----+----+-----+

    * DSP: 
    +------------------------------------+-------------------------------+--------------+
    |              Instance              |             Module            |  Expression  |
    +------------------------------------+-------------------------------+--------------+
    |mac_muladd_6ns_3ns_12s_13_3_1_U344  |mac_muladd_6ns_3ns_12s_13_3_1  |  i0 + i1 * i2|
    |mac_muladd_6s_6ns_12s_13_3_1_U281   |mac_muladd_6s_6ns_12s_13_3_1   |  i0 + i1 * i2|
    |mac_muladd_6s_6ns_12s_13_3_1_U282   |mac_muladd_6s_6ns_12s_13_3_1   |  i0 + i1 * i2|
    |mac_muladd_6s_6ns_12s_13_3_1_U283   |mac_muladd_6s_6ns_12s_13_3_1   |  i0 + i1 * i2|
    |mac_muladd_6s_6ns_12s_13_3_1_U284   |mac_muladd_6s_6ns_12s_13_3_1   |  i0 + i1 * i2|
    |mac_muladd_6s_6ns_12s_13_3_1_U285   |mac_muladd_6s_6ns_12s_13_3_1   |  i0 + i1 * i2|
    |mac_muladd_6s_6ns_12s_13_3_1_U286   |mac_muladd_6s_6ns_12s_13_3_1   |  i0 + i1 * i2|
    |mac_muladd_6s_6ns_12s_13_3_1_U287   |mac_muladd_6s_6ns_12s_13_3_1   |  i0 + i1 * i2|
    |mac_muladd_6s_6ns_12s_13_3_1_U288   |mac_muladd_6s_6ns_12s_13_3_1   |  i0 + i1 * i2|
    |mac_muladd_6s_6ns_12s_13_3_1_U289   |mac_muladd_6s_6ns_12s_13_3_1   |  i0 + i1 * i2|
    |mac_muladd_6s_6ns_12s_13_3_1_U290   |mac_muladd_6s_6ns_12s_13_3_1   |  i0 + i1 * i2|
    |mac_muladd_6s_6ns_12s_13_3_1_U291   |mac_muladd_6s_6ns_12s_13_3_1   |  i0 + i1 * i2|
    |mac_muladd_6s_6ns_12s_13_3_1_U292   |mac_muladd_6s_6ns_12s_13_3_1   |  i0 + i1 * i2|
    |mac_muladd_6s_6ns_12s_13_3_1_U293   |mac_muladd_6s_6ns_12s_13_3_1   |  i0 + i1 * i2|
    |mac_muladd_6s_6ns_12s_13_3_1_U294   |mac_muladd_6s_6ns_12s_13_3_1   |  i0 + i1 * i2|
    |mac_muladd_6s_6ns_12s_13_3_1_U295   |mac_muladd_6s_6ns_12s_13_3_1   |  i0 + i1 * i2|
    |mac_muladd_6s_6ns_12s_13_3_1_U296   |mac_muladd_6s_6ns_12s_13_3_1   |  i0 + i1 * i2|
    |mac_muladd_6s_6ns_12s_13_3_1_U297   |mac_muladd_6s_6ns_12s_13_3_1   |  i0 + i1 * i2|
    |mac_muladd_6s_6ns_12s_13_3_1_U298   |mac_muladd_6s_6ns_12s_13_3_1   |  i0 + i1 * i2|
    |mac_muladd_6s_6ns_12s_13_3_1_U299   |mac_muladd_6s_6ns_12s_13_3_1   |  i0 + i1 * i2|
    |mac_muladd_6s_6ns_12s_13_3_1_U300   |mac_muladd_6s_6ns_12s_13_3_1   |  i0 + i1 * i2|
    |mac_muladd_6s_6ns_12s_13_3_1_U301   |mac_muladd_6s_6ns_12s_13_3_1   |  i0 + i1 * i2|
    |mac_muladd_6s_6ns_12s_13_3_1_U302   |mac_muladd_6s_6ns_12s_13_3_1   |  i0 + i1 * i2|
    |mac_muladd_6s_6ns_12s_13_3_1_U303   |mac_muladd_6s_6ns_12s_13_3_1   |  i0 + i1 * i2|
    |mac_muladd_6s_6ns_12s_13_3_1_U304   |mac_muladd_6s_6ns_12s_13_3_1   |  i0 + i1 * i2|
    |mac_muladd_6s_6ns_12s_13_3_1_U305   |mac_muladd_6s_6ns_12s_13_3_1   |  i0 + i1 * i2|
    |mac_muladd_6s_6ns_12s_13_3_1_U306   |mac_muladd_6s_6ns_12s_13_3_1   |  i0 + i1 * i2|
    |mac_muladd_6s_6ns_12s_13_3_1_U307   |mac_muladd_6s_6ns_12s_13_3_1   |  i0 + i1 * i2|
    |mac_muladd_6s_6ns_12s_13_3_1_U308   |mac_muladd_6s_6ns_12s_13_3_1   |  i0 + i1 * i2|
    |mac_muladd_6s_6ns_12s_13_3_1_U309   |mac_muladd_6s_6ns_12s_13_3_1   |  i0 + i1 * i2|
    |mac_muladd_6s_6ns_12s_13_3_1_U310   |mac_muladd_6s_6ns_12s_13_3_1   |  i0 + i1 * i2|
    |mac_muladd_6s_6ns_12s_13_3_1_U311   |mac_muladd_6s_6ns_12s_13_3_1   |  i0 + i1 * i2|
    |mac_muladd_6s_6ns_12s_13_3_1_U312   |mac_muladd_6s_6ns_12s_13_3_1   |  i0 + i1 * i2|
    |mac_muladd_6s_6ns_12s_13_3_1_U313   |mac_muladd_6s_6ns_12s_13_3_1   |  i0 + i1 * i2|
    |mac_muladd_6s_6ns_12s_13_3_1_U314   |mac_muladd_6s_6ns_12s_13_3_1   |  i0 + i1 * i2|
    |mac_muladd_6s_6ns_12s_13_3_1_U315   |mac_muladd_6s_6ns_12s_13_3_1   |  i0 + i1 * i2|
    |mac_muladd_6s_6ns_12s_13_3_1_U316   |mac_muladd_6s_6ns_12s_13_3_1   |  i0 + i1 * i2|
    |mac_muladd_6s_6ns_12s_13_3_1_U317   |mac_muladd_6s_6ns_12s_13_3_1   |  i0 + i1 * i2|
    |mac_muladd_6s_6ns_12s_13_3_1_U318   |mac_muladd_6s_6ns_12s_13_3_1   |  i0 + i1 * i2|
    |mac_muladd_6s_6ns_12s_13_3_1_U319   |mac_muladd_6s_6ns_12s_13_3_1   |  i0 + i1 * i2|
    |mac_muladd_6s_6ns_12s_13_3_1_U320   |mac_muladd_6s_6ns_12s_13_3_1   |  i0 + i1 * i2|
    |mac_muladd_6s_6ns_12s_13_3_1_U321   |mac_muladd_6s_6ns_12s_13_3_1   |  i0 + i1 * i2|
    |mac_muladd_6s_6ns_12s_13_3_1_U322   |mac_muladd_6s_6ns_12s_13_3_1   |  i0 + i1 * i2|
    |mac_muladd_6s_6ns_12s_13_3_1_U323   |mac_muladd_6s_6ns_12s_13_3_1   |  i0 + i1 * i2|
    |mac_muladd_6s_6ns_12s_13_3_1_U324   |mac_muladd_6s_6ns_12s_13_3_1   |  i0 + i1 * i2|
    |mac_muladd_6s_6ns_12s_13_3_1_U325   |mac_muladd_6s_6ns_12s_13_3_1   |  i0 + i1 * i2|
    |mac_muladd_6s_6ns_12s_13_3_1_U326   |mac_muladd_6s_6ns_12s_13_3_1   |  i0 + i1 * i2|
    |mac_muladd_6s_6ns_12s_13_3_1_U327   |mac_muladd_6s_6ns_12s_13_3_1   |  i0 + i1 * i2|
    |mac_muladd_6s_6ns_12s_13_3_1_U328   |mac_muladd_6s_6ns_12s_13_3_1   |  i0 + i1 * i2|
    |mac_muladd_6s_6ns_12s_13_3_1_U329   |mac_muladd_6s_6ns_12s_13_3_1   |  i0 + i1 * i2|
    |mac_muladd_6s_6ns_12s_13_3_1_U330   |mac_muladd_6s_6ns_12s_13_3_1   |  i0 + i1 * i2|
    |mac_muladd_6s_6ns_12s_13_3_1_U331   |mac_muladd_6s_6ns_12s_13_3_1   |  i0 + i1 * i2|
    |mac_muladd_6s_6ns_12s_13_3_1_U332   |mac_muladd_6s_6ns_12s_13_3_1   |  i0 + i1 * i2|
    |mac_muladd_6s_6ns_12s_13_3_1_U333   |mac_muladd_6s_6ns_12s_13_3_1   |  i0 + i1 * i2|
    |mac_muladd_6s_6ns_12s_13_3_1_U334   |mac_muladd_6s_6ns_12s_13_3_1   |  i0 + i1 * i2|
    |mac_muladd_6s_6ns_12s_13_3_1_U335   |mac_muladd_6s_6ns_12s_13_3_1   |  i0 + i1 * i2|
    |mac_muladd_6s_6ns_12s_13_3_1_U336   |mac_muladd_6s_6ns_12s_13_3_1   |  i0 + i1 * i2|
    |mac_muladd_6s_6ns_12s_13_3_1_U337   |mac_muladd_6s_6ns_12s_13_3_1   |  i0 + i1 * i2|
    |mac_muladd_6s_6ns_12s_13_3_1_U338   |mac_muladd_6s_6ns_12s_13_3_1   |  i0 + i1 * i2|
    |mac_muladd_6s_6ns_12s_13_3_1_U339   |mac_muladd_6s_6ns_12s_13_3_1   |  i0 + i1 * i2|
    |mac_muladd_6s_6ns_12s_13_3_1_U340   |mac_muladd_6s_6ns_12s_13_3_1   |  i0 + i1 * i2|
    |mac_muladd_6s_6ns_12s_13_3_1_U341   |mac_muladd_6s_6ns_12s_13_3_1   |  i0 + i1 * i2|
    |mac_muladd_6s_6ns_12s_13_3_1_U342   |mac_muladd_6s_6ns_12s_13_3_1   |  i0 + i1 * i2|
    |mac_muladd_6s_6ns_12s_13_3_1_U343   |mac_muladd_6s_6ns_12s_13_3_1   |  i0 + i1 * i2|
    +------------------------------------+-------------------------------+--------------+

    * Memory: 
    +-------+----------------------------------------------------------------------------------+---------+---+----+-----+------+-----+------+-------------+
    | Memory|                                      Module                                      | BRAM_18K| FF| LUT| URAM| Words| Bits| Banks| W*Bits*Banks|
    +-------+----------------------------------------------------------------------------------+---------+---+----+-----+------+-----+------+-------------+
    |w11_U  |dense_array_ap_ufixed_8u_array_ap_fixed_18_7_5_3_0_32u_config11_s_w11_ROM_NP_zec  |       22|  0|   0|    0|     8|  765|     1|         6120|
    +-------+----------------------------------------------------------------------------------+---------+---+----+-----+------+-----+------+-------------+
    |Total  |                                                                                  |       22|  0|   0|    0|     8|  765|     1|         6120|
    +-------+----------------------------------------------------------------------------------+---------+---+----+-----+------+-----+------+-------------+

    * FIFO: 
    N/A

    * Expression: 
    +--------------------------+----------+----+---+----+------------+------------+
    |       Variable Name      | Operation| DSP| FF| LUT| Bitwidth P0| Bitwidth P1|
    +--------------------------+----------+----+---+----+------------+------------+
    |add_ln813_100_fu_4792_p2  |         +|   0|  0|  17|          14|          14|
    |add_ln813_104_fu_4804_p2  |         +|   0|  0|  17|          14|          14|
    |add_ln813_108_fu_4816_p2  |         +|   0|  0|  17|          14|          14|
    |add_ln813_112_fu_4828_p2  |         +|   0|  0|  17|          14|          14|
    |add_ln813_116_fu_4840_p2  |         +|   0|  0|  17|          14|          14|
    |add_ln813_120_fu_4852_p2  |         +|   0|  0|  17|          14|          14|
    |add_ln813_124_fu_4864_p2  |         +|   0|  0|  17|          14|          14|
    |add_ln813_128_fu_4876_p2  |         +|   0|  0|  17|          14|          14|
    |add_ln813_132_fu_4888_p2  |         +|   0|  0|  17|          14|          14|
    |add_ln813_136_fu_4900_p2  |         +|   0|  0|  17|          14|          14|
    |add_ln813_140_fu_4912_p2  |         +|   0|  0|  17|          14|          14|
    |add_ln813_144_fu_4924_p2  |         +|   0|  0|  17|          14|          14|
    |add_ln813_148_fu_4936_p2  |         +|   0|  0|  17|          14|          14|
    |add_ln813_152_fu_4948_p2  |         +|   0|  0|  17|          14|          14|
    |add_ln813_156_fu_4960_p2  |         +|   0|  0|  17|          14|          14|
    |add_ln813_160_fu_4972_p2  |         +|   0|  0|  17|          14|          14|
    |add_ln813_36_fu_4600_p2   |         +|   0|  0|  17|          14|          14|
    |add_ln813_40_fu_4612_p2   |         +|   0|  0|  17|          14|          14|
    |add_ln813_44_fu_4624_p2   |         +|   0|  0|  17|          14|          14|
    |add_ln813_48_fu_4636_p2   |         +|   0|  0|  17|          14|          14|
    |add_ln813_52_fu_4648_p2   |         +|   0|  0|  17|          14|          14|
    |add_ln813_56_fu_4660_p2   |         +|   0|  0|  17|          14|          14|
    |add_ln813_60_fu_4672_p2   |         +|   0|  0|  17|          14|          14|
    |add_ln813_64_fu_4684_p2   |         +|   0|  0|  17|          14|          14|
    |add_ln813_68_fu_4696_p2   |         +|   0|  0|  17|          14|          14|
    |add_ln813_72_fu_4708_p2   |         +|   0|  0|  17|          14|          14|
    |add_ln813_76_fu_4720_p2   |         +|   0|  0|  17|          14|          14|
    |add_ln813_80_fu_4732_p2   |         +|   0|  0|  17|          14|          14|
    |add_ln813_84_fu_4744_p2   |         +|   0|  0|  17|          14|          14|
    |add_ln813_88_fu_4756_p2   |         +|   0|  0|  17|          14|          14|
    |add_ln813_92_fu_4768_p2   |         +|   0|  0|  17|          14|          14|
    |add_ln813_96_fu_4780_p2   |         +|   0|  0|  17|          14|          14|
    |w_index_fu_2245_p2        |         +|   0|  0|  11|           3|           1|
    |x_V_11_fu_4999_p2         |         +|   0|  0|  23|          16|          16|
    |x_V_12_fu_5008_p2         |         +|   0|  0|  23|          16|          16|
    |x_V_13_fu_5017_p2         |         +|   0|  0|  23|          16|          16|
    |x_V_14_fu_5026_p2         |         +|   0|  0|  23|          16|          16|
    |x_V_15_fu_5035_p2         |         +|   0|  0|  23|          16|          16|
    |x_V_16_fu_5044_p2         |         +|   0|  0|  23|          16|          16|
    |x_V_17_fu_5053_p2         |         +|   0|  0|  23|          16|          16|
    |x_V_18_fu_5062_p2         |         +|   0|  0|  23|          16|          16|
    |x_V_19_fu_5071_p2         |         +|   0|  0|  23|          16|          16|
    |x_V_20_fu_5080_p2         |         +|   0|  0|  23|          16|          16|
    |x_V_21_fu_5089_p2         |         +|   0|  0|  23|          16|          16|
    |x_V_22_fu_5098_p2         |         +|   0|  0|  23|          16|          16|
    |x_V_23_fu_5107_p2         |         +|   0|  0|  23|          16|          16|
    |x_V_24_fu_5116_p2         |         +|   0|  0|  23|          16|          16|
    |x_V_25_fu_5125_p2         |         +|   0|  0|  23|          16|          16|
    |x_V_26_fu_5134_p2         |         +|   0|  0|  23|          16|          16|
    |x_V_27_fu_5143_p2         |         +|   0|  0|  23|          16|          16|
    |x_V_28_fu_5152_p2         |         +|   0|  0|  23|          16|          16|
    |x_V_29_fu_5161_p2         |         +|   0|  0|  23|          16|          16|
    |x_V_30_fu_5170_p2         |         +|   0|  0|  23|          16|          16|
    |x_V_31_fu_5179_p2         |         +|   0|  0|  23|          16|          16|
    |x_V_32_fu_5188_p2         |         +|   0|  0|  23|          16|          16|
    |x_V_33_fu_5197_p2         |         +|   0|  0|  23|          16|          16|
    |x_V_34_fu_5206_p2         |         +|   0|  0|  23|          16|          16|
    |x_V_35_fu_5215_p2         |         +|   0|  0|  23|          16|          16|
    |x_V_36_fu_5224_p2         |         +|   0|  0|  23|          16|          16|
    |x_V_37_fu_5233_p2         |         +|   0|  0|  23|          16|          16|
    |x_V_38_fu_5242_p2         |         +|   0|  0|  23|          16|          16|
    |x_V_39_fu_5251_p2         |         +|   0|  0|  23|          16|          16|
    |x_V_40_fu_5260_p2         |         +|   0|  0|  23|          16|          16|
    |x_V_41_fu_4981_p2         |         +|   0|  0|  23|          16|          16|
    |x_V_fu_4990_p2            |         +|   0|  0|  23|          16|          16|
    |icmp_ln46_fu_3613_p2      |      icmp|   0|  0|   8|           3|           2|
    |ap_block_state1           |        or|   0|  0|   2|           1|           1|
    +--------------------------+----------+----+---+----+------------+------------+
    |Total                     |          |   0|  0|1301|         967|         964|
    +--------------------------+----------+----+---+----+------------+------------+

    * Multiplexer: 
    +---------------------------------+----+-----------+-----+-----------+
    |               Name              | LUT| Input Size| Bits| Total Bits|
    +---------------------------------+----+-----------+-----+-----------+
    |ap_NS_fsm                        |  65|         13|    1|         13|
    |ap_done                          |   9|          2|    1|          2|
    |conv_i2_i_10397_i_i16_reg_1602   |   9|          2|   16|         32|
    |conv_i2_i_10798_i_i14_reg_1617   |   9|          2|   16|         32|
    |conv_i2_i_11199_i_i12_reg_1632   |   9|          2|   16|         32|
    |conv_i2_i_115100_i_i10_reg_1647  |   9|          2|   16|         32|
    |conv_i2_i_1174_i_i62_reg_1257    |   9|          2|   16|         32|
    |conv_i2_i_119101_i_i8_reg_1662   |   9|          2|   16|         32|
    |conv_i2_i_123102_i_i6_reg_1677   |   9|          2|   16|         32|
    |conv_i2_i_127103_i_i4_reg_1692   |   9|          2|   16|         32|
    |conv_i2_i_1575_i_i60_reg_1272    |   9|          2|   16|         32|
    |conv_i2_i_1976_i_i58_reg_1287    |   9|          2|   16|         32|
    |conv_i2_i_2377_i_i56_reg_1302    |   9|          2|   16|         32|
    |conv_i2_i_2778_i_i54_reg_1317    |   9|          2|   16|         32|
    |conv_i2_i_3179_i_i52_reg_1332    |   9|          2|   16|         32|
    |conv_i2_i_3580_i_i50_reg_1347    |   9|          2|   16|         32|
    |conv_i2_i_3981_i_i48_reg_1362    |   9|          2|   16|         32|
    |conv_i2_i_4382_i_i46_reg_1377    |   9|          2|   16|         32|
    |conv_i2_i_4783_i_i44_reg_1392    |   9|          2|   16|         32|
    |conv_i2_i_5184_i_i42_reg_1407    |   9|          2|   16|         32|
    |conv_i2_i_5585_i_i40_reg_1422    |   9|          2|   16|         32|
    |conv_i2_i_5986_i_i38_reg_1437    |   9|          2|   16|         32|
    |conv_i2_i_6387_i_i36_reg_1452    |   9|          2|   16|         32|
    |conv_i2_i_6788_i_i34_reg_1467    |   9|          2|   16|         32|
    |conv_i2_i_7189_i_i32_reg_1482    |   9|          2|   16|         32|
    |conv_i2_i_7590_i_i30_reg_1497    |   9|          2|   16|         32|
    |conv_i2_i_773_i_i64_reg_1242     |   9|          2|   16|         32|
    |conv_i2_i_7991_i_i28_reg_1512    |   9|          2|   16|         32|
    |conv_i2_i_8392_i_i26_reg_1527    |   9|          2|   16|         32|
    |conv_i2_i_8793_i_i24_reg_1542    |   9|          2|   16|         32|
    |conv_i2_i_9194_i_i22_reg_1557    |   9|          2|   16|         32|
    |conv_i2_i_9595_i_i20_reg_1572    |   9|          2|   16|         32|
    |conv_i2_i_9996_i_i18_reg_1587    |   9|          2|   16|         32|
    |data_V_10_reload_phi_reg_1842    |   9|          2|    6|         12|
    |data_V_11_reload_phi_reg_1854    |   9|          2|    6|         12|
    |data_V_12_reload_phi_reg_1866    |   9|          2|    6|         12|
    |data_V_13_reload_phi_reg_1878    |   9|          2|    6|         12|
    |data_V_14_reload_phi_reg_1890    |   9|          2|    6|         12|
    |data_V_15_reload_phi_reg_1902    |   9|          2|    6|         12|
    |data_V_16_reload_phi_reg_1914    |   9|          2|    6|         12|
    |data_V_17_reload_phi_reg_1926    |   9|          2|    6|         12|
    |data_V_18_reload_phi_reg_1938    |   9|          2|    6|         12|
    |data_V_19_reload_phi_reg_1950    |   9|          2|    6|         12|
    |data_V_1_reload_phi_reg_1734     |   9|          2|    6|         12|
    |data_V_20_reload_phi_reg_1962    |   9|          2|    6|         12|
    |data_V_21_reload_phi_reg_1974    |   9|          2|    6|         12|
    |data_V_22_reload_phi_reg_1986    |   9|          2|    6|         12|
    |data_V_23_reload_phi_reg_1998    |   9|          2|    6|         12|
    |data_V_24_reload_phi_reg_2010    |   9|          2|    6|         12|
    |data_V_25_reload_phi_reg_2022    |   9|          2|    6|         12|
    |data_V_26_reload_phi_reg_2034    |   9|          2|    6|         12|
    |data_V_27_reload_phi_reg_2046    |   9|          2|    6|         12|
    |data_V_28_reload_phi_reg_2058    |   9|          2|    6|         12|
    |data_V_29_reload_phi_reg_2070    |   9|          2|    6|         12|
    |data_V_2_reload_phi_reg_1746     |   9|          2|    6|         12|
    |data_V_30_reload_phi_reg_2082    |   9|          2|    6|         12|
    |data_V_31_reload_phi_reg_2094    |   9|          2|    6|         12|
    |data_V_3_reload_phi_reg_1758     |   9|          2|    6|         12|
    |data_V_4_reload_phi_reg_1770     |   9|          2|    6|         12|
    |data_V_5_reload_phi_reg_1782     |   9|          2|    6|         12|
    |data_V_6_reload_phi_reg_1794     |   9|          2|    6|         12|
    |data_V_7_reload_phi_reg_1806     |   9|          2|    6|         12|
    |data_V_8_reload_phi_reg_1818     |   9|          2|    6|         12|
    |data_V_9_reload_phi_reg_1830     |   9|          2|    6|         12|
    |data_V_reload_phi_reg_1722       |   9|          2|    6|         12|
    |layer11_out_blk_n                |   9|          2|    1|          2|
    |layer9_out_read                  |   9|          2|    1|          2|
    |real_start                       |   9|          2|    1|          2|
    |res_V66_reg_1227                 |   9|          2|   16|         32|
    |w_index3_reg_1707                |   9|          2|    3|          6|
    +---------------------------------+----+-----------+-----+-----------+
    |Total                            | 686|        151|  712|       1435|
    +---------------------------------+----+-----------+-----+-----------+

    * Register: 
    +--------------------------------------------------------------------------------------------------+----+----+-----+-----------+
    |                                               Name                                               | FF | LUT| Bits| Const Bits|
    +--------------------------------------------------------------------------------------------------+----+----+-----+-----------+
    |a_V_35_reg_6253                                                                                   |   6|   0|    6|          0|
    |a_V_36_reg_6263                                                                                   |   6|   0|    6|          0|
    |a_V_37_reg_6273                                                                                   |   6|   0|    6|          0|
    |a_V_reg_6243                                                                                      |   6|   0|    6|          0|
    |add_ln813_100_reg_8416                                                                            |  14|   0|   14|          0|
    |add_ln813_102_reg_8186                                                                            |  13|   0|   13|          0|
    |add_ln813_103_reg_8191                                                                            |  13|   0|   13|          0|
    |add_ln813_104_reg_8421                                                                            |  14|   0|   14|          0|
    |add_ln813_106_reg_8196                                                                            |  13|   0|   13|          0|
    |add_ln813_107_reg_8201                                                                            |  13|   0|   13|          0|
    |add_ln813_108_reg_8426                                                                            |  14|   0|   14|          0|
    |add_ln813_110_reg_8206                                                                            |  13|   0|   13|          0|
    |add_ln813_111_reg_8211                                                                            |  13|   0|   13|          0|
    |add_ln813_112_reg_8431                                                                            |  14|   0|   14|          0|
    |add_ln813_114_reg_8216                                                                            |  13|   0|   13|          0|
    |add_ln813_115_reg_8221                                                                            |  13|   0|   13|          0|
    |add_ln813_116_reg_8436                                                                            |  14|   0|   14|          0|
    |add_ln813_118_reg_8226                                                                            |  13|   0|   13|          0|
    |add_ln813_119_reg_8231                                                                            |  13|   0|   13|          0|
    |add_ln813_120_reg_8441                                                                            |  14|   0|   14|          0|
    |add_ln813_122_reg_8236                                                                            |  13|   0|   13|          0|
    |add_ln813_123_reg_8241                                                                            |  13|   0|   13|          0|
    |add_ln813_124_reg_8446                                                                            |  14|   0|   14|          0|
    |add_ln813_126_reg_8246                                                                            |  13|   0|   13|          0|
    |add_ln813_127_reg_8251                                                                            |  13|   0|   13|          0|
    |add_ln813_128_reg_8451                                                                            |  14|   0|   14|          0|
    |add_ln813_130_reg_8256                                                                            |  13|   0|   13|          0|
    |add_ln813_131_reg_8261                                                                            |  13|   0|   13|          0|
    |add_ln813_132_reg_8456                                                                            |  14|   0|   14|          0|
    |add_ln813_134_reg_8266                                                                            |  13|   0|   13|          0|
    |add_ln813_135_reg_8271                                                                            |  13|   0|   13|          0|
    |add_ln813_136_reg_8461                                                                            |  14|   0|   14|          0|
    |add_ln813_138_reg_8276                                                                            |  13|   0|   13|          0|
    |add_ln813_139_reg_8281                                                                            |  13|   0|   13|          0|
    |add_ln813_140_reg_8466                                                                            |  14|   0|   14|          0|
    |add_ln813_142_reg_8286                                                                            |  13|   0|   13|          0|
    |add_ln813_143_reg_8291                                                                            |  13|   0|   13|          0|
    |add_ln813_144_reg_8471                                                                            |  14|   0|   14|          0|
    |add_ln813_146_reg_8296                                                                            |  13|   0|   13|          0|
    |add_ln813_147_reg_8301                                                                            |  13|   0|   13|          0|
    |add_ln813_148_reg_8476                                                                            |  14|   0|   14|          0|
    |add_ln813_150_reg_8306                                                                            |  13|   0|   13|          0|
    |add_ln813_151_reg_8311                                                                            |  13|   0|   13|          0|
    |add_ln813_152_reg_8481                                                                            |  14|   0|   14|          0|
    |add_ln813_154_reg_8316                                                                            |  13|   0|   13|          0|
    |add_ln813_155_reg_8321                                                                            |  13|   0|   13|          0|
    |add_ln813_156_reg_8486                                                                            |  14|   0|   14|          0|
    |add_ln813_158_reg_8326                                                                            |  13|   0|   13|          0|
    |add_ln813_159_reg_8331                                                                            |  13|   0|   13|          0|
    |add_ln813_160_reg_8491                                                                            |  14|   0|   14|          0|
    |add_ln813_35_reg_8021                                                                             |  13|   0|   13|          0|
    |add_ln813_36_reg_8336                                                                             |  14|   0|   14|          0|
    |add_ln813_38_reg_8026                                                                             |  13|   0|   13|          0|
    |add_ln813_39_reg_8031                                                                             |  13|   0|   13|          0|
    |add_ln813_40_reg_8341                                                                             |  14|   0|   14|          0|
    |add_ln813_42_reg_8036                                                                             |  13|   0|   13|          0|
    |add_ln813_43_reg_8041                                                                             |  13|   0|   13|          0|
    |add_ln813_44_reg_8346                                                                             |  14|   0|   14|          0|
    |add_ln813_46_reg_8046                                                                             |  13|   0|   13|          0|
    |add_ln813_47_reg_8051                                                                             |  13|   0|   13|          0|
    |add_ln813_48_reg_8351                                                                             |  14|   0|   14|          0|
    |add_ln813_50_reg_8056                                                                             |  13|   0|   13|          0|
    |add_ln813_51_reg_8061                                                                             |  13|   0|   13|          0|
    |add_ln813_52_reg_8356                                                                             |  14|   0|   14|          0|
    |add_ln813_54_reg_8066                                                                             |  13|   0|   13|          0|
    |add_ln813_55_reg_8071                                                                             |  13|   0|   13|          0|
    |add_ln813_56_reg_8361                                                                             |  14|   0|   14|          0|
    |add_ln813_58_reg_8076                                                                             |  13|   0|   13|          0|
    |add_ln813_59_reg_8081                                                                             |  13|   0|   13|          0|
    |add_ln813_60_reg_8366                                                                             |  14|   0|   14|          0|
    |add_ln813_62_reg_8086                                                                             |  13|   0|   13|          0|
    |add_ln813_63_reg_8091                                                                             |  13|   0|   13|          0|
    |add_ln813_64_reg_8371                                                                             |  14|   0|   14|          0|
    |add_ln813_66_reg_8096                                                                             |  13|   0|   13|          0|
    |add_ln813_67_reg_8101                                                                             |  13|   0|   13|          0|
    |add_ln813_68_reg_8376                                                                             |  14|   0|   14|          0|
    |add_ln813_70_reg_8106                                                                             |  13|   0|   13|          0|
    |add_ln813_71_reg_8111                                                                             |  13|   0|   13|          0|
    |add_ln813_72_reg_8381                                                                             |  14|   0|   14|          0|
    |add_ln813_74_reg_8116                                                                             |  13|   0|   13|          0|
    |add_ln813_75_reg_8121                                                                             |  13|   0|   13|          0|
    |add_ln813_76_reg_8386                                                                             |  14|   0|   14|          0|
    |add_ln813_78_reg_8126                                                                             |  13|   0|   13|          0|
    |add_ln813_79_reg_8131                                                                             |  13|   0|   13|          0|
    |add_ln813_80_reg_8391                                                                             |  14|   0|   14|          0|
    |add_ln813_82_reg_8136                                                                             |  13|   0|   13|          0|
    |add_ln813_83_reg_8141                                                                             |  13|   0|   13|          0|
    |add_ln813_84_reg_8396                                                                             |  14|   0|   14|          0|
    |add_ln813_86_reg_8146                                                                             |  13|   0|   13|          0|
    |add_ln813_87_reg_8151                                                                             |  13|   0|   13|          0|
    |add_ln813_88_reg_8401                                                                             |  14|   0|   14|          0|
    |add_ln813_90_reg_8156                                                                             |  13|   0|   13|          0|
    |add_ln813_91_reg_8161                                                                             |  13|   0|   13|          0|
    |add_ln813_92_reg_8406                                                                             |  14|   0|   14|          0|
    |add_ln813_94_reg_8166                                                                             |  13|   0|   13|          0|
    |add_ln813_95_reg_8171                                                                             |  13|   0|   13|          0|
    |add_ln813_96_reg_8411                                                                             |  14|   0|   14|          0|
    |add_ln813_98_reg_8176                                                                             |  13|   0|   13|          0|
    |add_ln813_99_reg_8181                                                                             |  13|   0|   13|          0|
    |add_ln813_reg_8016                                                                                |  13|   0|   13|          0|
    |ap_CS_fsm                                                                                         |  12|   0|   12|          0|
    |ap_done_reg                                                                                       |   1|   0|    1|          0|
    |conv_i2_i_10397_i_i16_reg_1602                                                                    |  16|   0|   16|          0|
    |conv_i2_i_10798_i_i14_reg_1617                                                                    |  16|   0|   16|          0|
    |conv_i2_i_11199_i_i12_reg_1632                                                                    |  16|   0|   16|          0|
    |conv_i2_i_115100_i_i10_reg_1647                                                                   |  16|   0|   16|          0|
    |conv_i2_i_1174_i_i62_reg_1257                                                                     |  16|   0|   16|          0|
    |conv_i2_i_119101_i_i8_reg_1662                                                                    |  16|   0|   16|          0|
    |conv_i2_i_123102_i_i6_reg_1677                                                                    |  16|   0|   16|          0|
    |conv_i2_i_127103_i_i4_reg_1692                                                                    |  16|   0|   16|          0|
    |conv_i2_i_1575_i_i60_reg_1272                                                                     |  16|   0|   16|          0|
    |conv_i2_i_1976_i_i58_reg_1287                                                                     |  16|   0|   16|          0|
    |conv_i2_i_2377_i_i56_reg_1302                                                                     |  16|   0|   16|          0|
    |conv_i2_i_2778_i_i54_reg_1317                                                                     |  16|   0|   16|          0|
    |conv_i2_i_3179_i_i52_reg_1332                                                                     |  16|   0|   16|          0|
    |conv_i2_i_3580_i_i50_reg_1347                                                                     |  16|   0|   16|          0|
    |conv_i2_i_3981_i_i48_reg_1362                                                                     |  16|   0|   16|          0|
    |conv_i2_i_4382_i_i46_reg_1377                                                                     |  16|   0|   16|          0|
    |conv_i2_i_4783_i_i44_reg_1392                                                                     |  16|   0|   16|          0|
    |conv_i2_i_5184_i_i42_reg_1407                                                                     |  16|   0|   16|          0|
    |conv_i2_i_5585_i_i40_reg_1422                                                                     |  16|   0|   16|          0|
    |conv_i2_i_5986_i_i38_reg_1437                                                                     |  16|   0|   16|          0|
    |conv_i2_i_6387_i_i36_reg_1452                                                                     |  16|   0|   16|          0|
    |conv_i2_i_6788_i_i34_reg_1467                                                                     |  16|   0|   16|          0|
    |conv_i2_i_7189_i_i32_reg_1482                                                                     |  16|   0|   16|          0|
    |conv_i2_i_7590_i_i30_reg_1497                                                                     |  16|   0|   16|          0|
    |conv_i2_i_773_i_i64_reg_1242                                                                      |  16|   0|   16|          0|
    |conv_i2_i_7991_i_i28_reg_1512                                                                     |  16|   0|   16|          0|
    |conv_i2_i_8392_i_i26_reg_1527                                                                     |  16|   0|   16|          0|
    |conv_i2_i_8793_i_i24_reg_1542                                                                     |  16|   0|   16|          0|
    |conv_i2_i_9194_i_i22_reg_1557                                                                     |  16|   0|   16|          0|
    |conv_i2_i_9595_i_i20_reg_1572                                                                     |  16|   0|   16|          0|
    |conv_i2_i_9996_i_i18_reg_1587                                                                     |  16|   0|   16|          0|
    |data_V_10_reload_phi_reg_1842                                                                     |   6|   0|    6|          0|
    |data_V_10_reload_rewind_reg_897                                                                   |   6|   0|    6|          0|
    |data_V_11_reload_phi_reg_1854                                                                     |   6|   0|    6|          0|
    |data_V_11_reload_rewind_reg_912                                                                   |   6|   0|    6|          0|
    |data_V_12_reload_phi_reg_1866                                                                     |   6|   0|    6|          0|
    |data_V_12_reload_rewind_reg_927                                                                   |   6|   0|    6|          0|
    |data_V_13_reload_phi_reg_1878                                                                     |   6|   0|    6|          0|
    |data_V_13_reload_rewind_reg_942                                                                   |   6|   0|    6|          0|
    |data_V_14_reload_phi_reg_1890                                                                     |   6|   0|    6|          0|
    |data_V_14_reload_rewind_reg_957                                                                   |   6|   0|    6|          0|
    |data_V_15_reload_phi_reg_1902                                                                     |   6|   0|    6|          0|
    |data_V_15_reload_rewind_reg_972                                                                   |   6|   0|    6|          0|
    |data_V_16_reload_phi_reg_1914                                                                     |   6|   0|    6|          0|
    |data_V_16_reload_rewind_reg_987                                                                   |   6|   0|    6|          0|
    |data_V_17_reload_phi_reg_1926                                                                     |   6|   0|    6|          0|
    |data_V_17_reload_rewind_reg_1002                                                                  |   6|   0|    6|          0|
    |data_V_18_reload_phi_reg_1938                                                                     |   6|   0|    6|          0|
    |data_V_18_reload_rewind_reg_1017                                                                  |   6|   0|    6|          0|
    |data_V_19_reload_phi_reg_1950                                                                     |   6|   0|    6|          0|
    |data_V_19_reload_rewind_reg_1032                                                                  |   6|   0|    6|          0|
    |data_V_1_reload_phi_reg_1734                                                                      |   6|   0|    6|          0|
    |data_V_1_reload_rewind_reg_762                                                                    |   6|   0|    6|          0|
    |data_V_20_reload_phi_reg_1962                                                                     |   6|   0|    6|          0|
    |data_V_20_reload_rewind_reg_1047                                                                  |   6|   0|    6|          0|
    |data_V_21_reload_phi_reg_1974                                                                     |   6|   0|    6|          0|
    |data_V_21_reload_rewind_reg_1062                                                                  |   6|   0|    6|          0|
    |data_V_22_reload_phi_reg_1986                                                                     |   6|   0|    6|          0|
    |data_V_22_reload_rewind_reg_1077                                                                  |   6|   0|    6|          0|
    |data_V_23_reload_phi_reg_1998                                                                     |   6|   0|    6|          0|
    |data_V_23_reload_rewind_reg_1092                                                                  |   6|   0|    6|          0|
    |data_V_24_reload_phi_reg_2010                                                                     |   6|   0|    6|          0|
    |data_V_24_reload_rewind_reg_1107                                                                  |   6|   0|    6|          0|
    |data_V_25_reload_phi_reg_2022                                                                     |   6|   0|    6|          0|
    |data_V_25_reload_rewind_reg_1122                                                                  |   6|   0|    6|          0|
    |data_V_26_reload_phi_reg_2034                                                                     |   6|   0|    6|          0|
    |data_V_26_reload_rewind_reg_1137                                                                  |   6|   0|    6|          0|
    |data_V_27_reload_phi_reg_2046                                                                     |   6|   0|    6|          0|
    |data_V_27_reload_rewind_reg_1152                                                                  |   6|   0|    6|          0|
    |data_V_28_reload_phi_reg_2058                                                                     |   6|   0|    6|          0|
    |data_V_28_reload_rewind_reg_1167                                                                  |   6|   0|    6|          0|
    |data_V_29_reload_phi_reg_2070                                                                     |   6|   0|    6|          0|
    |data_V_29_reload_rewind_reg_1182                                                                  |   6|   0|    6|          0|
    |data_V_2_reload_phi_reg_1746                                                                      |   6|   0|    6|          0|
    |data_V_2_reload_rewind_reg_777                                                                    |   6|   0|    6|          0|
    |data_V_30_reload_phi_reg_2082                                                                     |   6|   0|    6|          0|
    |data_V_30_reload_rewind_reg_1197                                                                  |   6|   0|    6|          0|
    |data_V_31_reload_phi_reg_2094                                                                     |   6|   0|    6|          0|
    |data_V_31_reload_rewind_reg_1212                                                                  |   6|   0|    6|          0|
    |data_V_3_reload_phi_reg_1758                                                                      |   6|   0|    6|          0|
    |data_V_3_reload_rewind_reg_792                                                                    |   6|   0|    6|          0|
    |data_V_4_reload_phi_reg_1770                                                                      |   6|   0|    6|          0|
    |data_V_4_reload_rewind_reg_807                                                                    |   6|   0|    6|          0|
    |data_V_5_reload_phi_reg_1782                                                                      |   6|   0|    6|          0|
    |data_V_5_reload_rewind_reg_822                                                                    |   6|   0|    6|          0|
    |data_V_6_reload_phi_reg_1794                                                                      |   6|   0|    6|          0|
    |data_V_6_reload_rewind_reg_837                                                                    |   6|   0|    6|          0|
    |data_V_7_reload_phi_reg_1806                                                                      |   6|   0|    6|          0|
    |data_V_7_reload_rewind_reg_852                                                                    |   6|   0|    6|          0|
    |data_V_8_reload_phi_reg_1818                                                                      |   6|   0|    6|          0|
    |data_V_8_reload_rewind_reg_867                                                                    |   6|   0|    6|          0|
    |data_V_9_reload_phi_reg_1830                                                                      |   6|   0|    6|          0|
    |data_V_9_reload_rewind_reg_882                                                                    |   6|   0|    6|          0|
    |data_V_reload_phi_reg_1722                                                                        |   6|   0|    6|          0|
    |data_V_reload_rewind_reg_747                                                                      |   6|   0|    6|          0|
    |do_init_reg_730                                                                                   |   1|   0|    1|          0|
    |grp_dense_array_array_ap_fixed_18_7_5_3_0_32u_config11_Pipeline_DataPrepare_fu_2106_ap_start_reg  |   1|   0|    1|          0|
    |icmp_ln46_reg_6904                                                                                |   1|   0|    1|          0|
    |r_V_100_reg_7766                                                                                  |  12|   0|   12|          0|
    |r_V_102_reg_7771                                                                                  |  12|   0|   12|          0|
    |r_V_104_reg_7776                                                                                  |  12|   0|   12|          0|
    |r_V_106_reg_7781                                                                                  |  12|   0|   12|          0|
    |r_V_108_reg_7786                                                                                  |  12|   0|   12|          0|
    |r_V_110_reg_7791                                                                                  |  12|   0|   12|          0|
    |r_V_112_reg_7796                                                                                  |  12|   0|   12|          0|
    |r_V_114_reg_7801                                                                                  |  12|   0|   12|          0|
    |r_V_116_reg_7806                                                                                  |  12|   0|   12|          0|
    |r_V_118_reg_7811                                                                                  |  12|   0|   12|          0|
    |r_V_120_reg_7816                                                                                  |  12|   0|   12|          0|
    |r_V_122_reg_7821                                                                                  |  12|   0|   12|          0|
    |r_V_124_reg_7826                                                                                  |  12|   0|   12|          0|
    |r_V_126_reg_7831                                                                                  |  12|   0|   12|          0|
    |r_V_128_reg_7836                                                                                  |  12|   0|   12|          0|
    |r_V_130_reg_7841                                                                                  |  12|   0|   12|          0|
    |r_V_132_reg_7846                                                                                  |  12|   0|   12|          0|
    |r_V_134_reg_7851                                                                                  |  12|   0|   12|          0|
    |r_V_136_reg_7856                                                                                  |  12|   0|   12|          0|
    |r_V_138_reg_7861                                                                                  |  12|   0|   12|          0|
    |r_V_140_reg_7866                                                                                  |  12|   0|   12|          0|
    |r_V_142_reg_7871                                                                                  |  12|   0|   12|          0|
    |r_V_144_reg_7876                                                                                  |  12|   0|   12|          0|
    |r_V_146_reg_7881                                                                                  |  12|   0|   12|          0|
    |r_V_148_reg_7886                                                                                  |  12|   0|   12|          0|
    |r_V_150_reg_7891                                                                                  |  12|   0|   12|          0|
    |r_V_152_reg_7896                                                                                  |  12|   0|   12|          0|
    |r_V_154_reg_7901                                                                                  |  12|   0|   12|          0|
    |r_V_156_reg_7906                                                                                  |  12|   0|   12|          0|
    |r_V_158_reg_7911                                                                                  |  12|   0|   12|          0|
    |r_V_160_reg_7916                                                                                  |  12|   0|   12|          0|
    |r_V_162_reg_7921                                                                                  |  12|   0|   12|          0|
    |r_V_164_reg_7926                                                                                  |  12|   0|   12|          0|
    |r_V_166_reg_7931                                                                                  |  12|   0|   12|          0|
    |r_V_168_reg_7936                                                                                  |  12|   0|   12|          0|
    |r_V_170_reg_7941                                                                                  |  12|   0|   12|          0|
    |r_V_172_reg_7946                                                                                  |  12|   0|   12|          0|
    |r_V_174_reg_7951                                                                                  |  12|   0|   12|          0|
    |r_V_176_reg_7956                                                                                  |  12|   0|   12|          0|
    |r_V_178_reg_7961                                                                                  |  12|   0|   12|          0|
    |r_V_180_reg_7966                                                                                  |  12|   0|   12|          0|
    |r_V_182_reg_7971                                                                                  |  12|   0|   12|          0|
    |r_V_184_reg_7976                                                                                  |  12|   0|   12|          0|
    |r_V_186_reg_7981                                                                                  |  12|   0|   12|          0|
    |r_V_188_reg_7986                                                                                  |  12|   0|   12|          0|
    |r_V_190_reg_7991                                                                                  |  12|   0|   12|          0|
    |r_V_192_reg_7996                                                                                  |  12|   0|   12|          0|
    |r_V_194_reg_8001                                                                                  |  12|   0|   12|          0|
    |r_V_196_reg_8006                                                                                  |  12|   0|   12|          0|
    |r_V_198_reg_8011                                                                                  |  12|   0|   12|          0|
    |r_V_74_reg_7701                                                                                   |  12|   0|   12|          0|
    |r_V_76_reg_7706                                                                                   |  12|   0|   12|          0|
    |r_V_78_reg_7711                                                                                   |  12|   0|   12|          0|
    |r_V_80_reg_7716                                                                                   |  12|   0|   12|          0|
    |r_V_82_reg_7721                                                                                   |  12|   0|   12|          0|
    |r_V_84_reg_7726                                                                                   |  12|   0|   12|          0|
    |r_V_86_reg_7731                                                                                   |  12|   0|   12|          0|
    |r_V_88_reg_7736                                                                                   |  12|   0|   12|          0|
    |r_V_90_reg_7741                                                                                   |  12|   0|   12|          0|
    |r_V_92_reg_7746                                                                                   |  12|   0|   12|          0|
    |r_V_94_reg_7751                                                                                   |  12|   0|   12|          0|
    |r_V_96_reg_7756                                                                                   |  12|   0|   12|          0|
    |r_V_98_reg_7761                                                                                   |  12|   0|   12|          0|
    |r_V_reg_7696                                                                                      |  12|   0|   12|          0|
    |res_V66_reg_1227                                                                                  |  16|   0|   16|          0|
    |start_once_reg                                                                                    |   1|   0|    1|          0|
    |tmp_62_reg_6899                                                                                   |   3|   0|    3|          0|
    |w_V_100_reg_6594                                                                                  |   6|   0|    6|          0|
    |w_V_101_reg_6599                                                                                  |   6|   0|    6|          0|
    |w_V_102_reg_6604                                                                                  |   6|   0|    6|          0|
    |w_V_103_reg_6609                                                                                  |   6|   0|    6|          0|
    |w_V_104_reg_6614                                                                                  |   6|   0|    6|          0|
    |w_V_105_reg_6619                                                                                  |   6|   0|    6|          0|
    |w_V_106_reg_6624                                                                                  |   6|   0|    6|          0|
    |w_V_107_reg_6629                                                                                  |   6|   0|    6|          0|
    |w_V_108_reg_6634                                                                                  |   6|   0|    6|          0|
    |w_V_109_reg_6639                                                                                  |   6|   0|    6|          0|
    |w_V_110_reg_6644                                                                                  |   6|   0|    6|          0|
    |w_V_111_reg_6649                                                                                  |   6|   0|    6|          0|
    |w_V_112_reg_6654                                                                                  |   6|   0|    6|          0|
    |w_V_113_reg_6659                                                                                  |   6|   0|    6|          0|
    |w_V_114_reg_6664                                                                                  |   6|   0|    6|          0|
    |w_V_115_reg_6669                                                                                  |   6|   0|    6|          0|
    |w_V_116_reg_6674                                                                                  |   6|   0|    6|          0|
    |w_V_117_reg_6679                                                                                  |   6|   0|    6|          0|
    |w_V_118_reg_6684                                                                                  |   6|   0|    6|          0|
    |w_V_119_reg_6689                                                                                  |   6|   0|    6|          0|
    |w_V_120_reg_6694                                                                                  |   6|   0|    6|          0|
    |w_V_121_reg_6699                                                                                  |   6|   0|    6|          0|
    |w_V_122_reg_6704                                                                                  |   6|   0|    6|          0|
    |w_V_123_reg_6709                                                                                  |   6|   0|    6|          0|
    |w_V_124_reg_6714                                                                                  |   6|   0|    6|          0|
    |w_V_125_reg_6719                                                                                  |   6|   0|    6|          0|
    |w_V_126_reg_6724                                                                                  |   6|   0|    6|          0|
    |w_V_127_reg_6729                                                                                  |   6|   0|    6|          0|
    |w_V_128_reg_6734                                                                                  |   6|   0|    6|          0|
    |w_V_129_reg_6739                                                                                  |   6|   0|    6|          0|
    |w_V_130_reg_6744                                                                                  |   6|   0|    6|          0|
    |w_V_131_reg_6749                                                                                  |   6|   0|    6|          0|
    |w_V_132_reg_6754                                                                                  |   6|   0|    6|          0|
    |w_V_133_reg_6759                                                                                  |   6|   0|    6|          0|
    |w_V_134_reg_6764                                                                                  |   6|   0|    6|          0|
    |w_V_135_reg_6769                                                                                  |   6|   0|    6|          0|
    |w_V_136_reg_6774                                                                                  |   6|   0|    6|          0|
    |w_V_137_reg_6779                                                                                  |   6|   0|    6|          0|
    |w_V_138_reg_6784                                                                                  |   6|   0|    6|          0|
    |w_V_139_reg_6789                                                                                  |   6|   0|    6|          0|
    |w_V_140_reg_6794                                                                                  |   6|   0|    6|          0|
    |w_V_141_reg_6799                                                                                  |   6|   0|    6|          0|
    |w_V_142_reg_6804                                                                                  |   6|   0|    6|          0|
    |w_V_143_reg_6809                                                                                  |   6|   0|    6|          0|
    |w_V_144_reg_6814                                                                                  |   6|   0|    6|          0|
    |w_V_145_reg_6819                                                                                  |   6|   0|    6|          0|
    |w_V_146_reg_6824                                                                                  |   6|   0|    6|          0|
    |w_V_147_reg_6829                                                                                  |   6|   0|    6|          0|
    |w_V_148_reg_6834                                                                                  |   6|   0|    6|          0|
    |w_V_149_reg_6839                                                                                  |   6|   0|    6|          0|
    |w_V_150_reg_6844                                                                                  |   6|   0|    6|          0|
    |w_V_151_reg_6849                                                                                  |   6|   0|    6|          0|
    |w_V_152_reg_6854                                                                                  |   6|   0|    6|          0|
    |w_V_153_reg_6859                                                                                  |   6|   0|    6|          0|
    |w_V_154_reg_6864                                                                                  |   6|   0|    6|          0|
    |w_V_155_reg_6869                                                                                  |   6|   0|    6|          0|
    |w_V_156_reg_6874                                                                                  |   6|   0|    6|          0|
    |w_V_157_reg_6879                                                                                  |   6|   0|    6|          0|
    |w_V_158_reg_6884                                                                                  |   6|   0|    6|          0|
    |w_V_159_reg_6889                                                                                  |   6|   0|    6|          0|
    |w_V_160_reg_6894                                                                                  |   6|   0|    6|          0|
    |w_V_35_reg_6258                                                                                   |   6|   0|    6|          0|
    |w_V_36_reg_6268                                                                                   |   6|   0|    6|          0|
    |w_V_37_reg_6279                                                                                   |   6|   0|    6|          0|
    |w_V_38_reg_6284                                                                                   |   6|   0|    6|          0|
    |w_V_39_reg_6289                                                                                   |   6|   0|    6|          0|
    |w_V_40_reg_6294                                                                                   |   6|   0|    6|          0|
    |w_V_41_reg_6299                                                                                   |   6|   0|    6|          0|
    |w_V_42_reg_6304                                                                                   |   6|   0|    6|          0|
    |w_V_43_reg_6309                                                                                   |   6|   0|    6|          0|
    |w_V_44_reg_6314                                                                                   |   6|   0|    6|          0|
    |w_V_45_reg_6319                                                                                   |   6|   0|    6|          0|
    |w_V_46_reg_6324                                                                                   |   6|   0|    6|          0|
    |w_V_47_reg_6329                                                                                   |   6|   0|    6|          0|
    |w_V_48_reg_6334                                                                                   |   6|   0|    6|          0|
    |w_V_49_reg_6339                                                                                   |   6|   0|    6|          0|
    |w_V_50_reg_6344                                                                                   |   6|   0|    6|          0|
    |w_V_51_reg_6349                                                                                   |   6|   0|    6|          0|
    |w_V_52_reg_6354                                                                                   |   6|   0|    6|          0|
    |w_V_53_reg_6359                                                                                   |   6|   0|    6|          0|
    |w_V_54_reg_6364                                                                                   |   6|   0|    6|          0|
    |w_V_55_reg_6369                                                                                   |   6|   0|    6|          0|
    |w_V_56_reg_6374                                                                                   |   6|   0|    6|          0|
    |w_V_57_reg_6379                                                                                   |   6|   0|    6|          0|
    |w_V_58_reg_6384                                                                                   |   6|   0|    6|          0|
    |w_V_59_reg_6389                                                                                   |   6|   0|    6|          0|
    |w_V_60_reg_6394                                                                                   |   6|   0|    6|          0|
    |w_V_61_reg_6399                                                                                   |   6|   0|    6|          0|
    |w_V_62_reg_6404                                                                                   |   6|   0|    6|          0|
    |w_V_63_reg_6409                                                                                   |   6|   0|    6|          0|
    |w_V_64_reg_6414                                                                                   |   6|   0|    6|          0|
    |w_V_65_reg_6419                                                                                   |   6|   0|    6|          0|
    |w_V_66_reg_6424                                                                                   |   6|   0|    6|          0|
    |w_V_67_reg_6429                                                                                   |   6|   0|    6|          0|
    |w_V_68_reg_6434                                                                                   |   6|   0|    6|          0|
    |w_V_69_reg_6439                                                                                   |   6|   0|    6|          0|
    |w_V_70_reg_6444                                                                                   |   6|   0|    6|          0|
    |w_V_71_reg_6449                                                                                   |   6|   0|    6|          0|
    |w_V_72_reg_6454                                                                                   |   6|   0|    6|          0|
    |w_V_73_reg_6459                                                                                   |   6|   0|    6|          0|
    |w_V_74_reg_6464                                                                                   |   6|   0|    6|          0|
    |w_V_75_reg_6469                                                                                   |   6|   0|    6|          0|
    |w_V_76_reg_6474                                                                                   |   6|   0|    6|          0|
    |w_V_77_reg_6479                                                                                   |   6|   0|    6|          0|
    |w_V_78_reg_6484                                                                                   |   6|   0|    6|          0|
    |w_V_79_reg_6489                                                                                   |   6|   0|    6|          0|
    |w_V_80_reg_6494                                                                                   |   6|   0|    6|          0|
    |w_V_81_reg_6499                                                                                   |   6|   0|    6|          0|
    |w_V_82_reg_6504                                                                                   |   6|   0|    6|          0|
    |w_V_83_reg_6509                                                                                   |   6|   0|    6|          0|
    |w_V_84_reg_6514                                                                                   |   6|   0|    6|          0|
    |w_V_85_reg_6519                                                                                   |   6|   0|    6|          0|
    |w_V_86_reg_6524                                                                                   |   6|   0|    6|          0|
    |w_V_87_reg_6529                                                                                   |   6|   0|    6|          0|
    |w_V_88_reg_6534                                                                                   |   6|   0|    6|          0|
    |w_V_89_reg_6539                                                                                   |   6|   0|    6|          0|
    |w_V_90_reg_6544                                                                                   |   6|   0|    6|          0|
    |w_V_91_reg_6549                                                                                   |   6|   0|    6|          0|
    |w_V_92_reg_6554                                                                                   |   6|   0|    6|          0|
    |w_V_93_reg_6559                                                                                   |   6|   0|    6|          0|
    |w_V_94_reg_6564                                                                                   |   6|   0|    6|          0|
    |w_V_95_reg_6569                                                                                   |   6|   0|    6|          0|
    |w_V_96_reg_6574                                                                                   |   6|   0|    6|          0|
    |w_V_97_reg_6579                                                                                   |   6|   0|    6|          0|
    |w_V_98_reg_6584                                                                                   |   6|   0|    6|          0|
    |w_V_99_reg_6589                                                                                   |   6|   0|    6|          0|
    |w_V_reg_6248                                                                                      |   6|   0|    6|          0|
    |w_index3_reg_1707                                                                                 |   3|   0|    3|          0|
    |w_index_reg_6238                                                                                  |   3|   0|    3|          0|
    |x_V_11_reg_8508                                                                                   |  16|   0|   16|          0|
    |x_V_12_reg_8514                                                                                   |  16|   0|   16|          0|
    |x_V_13_reg_8520                                                                                   |  16|   0|   16|          0|
    |x_V_14_reg_8526                                                                                   |  16|   0|   16|          0|
    |x_V_15_reg_8532                                                                                   |  16|   0|   16|          0|
    |x_V_16_reg_8538                                                                                   |  16|   0|   16|          0|
    |x_V_17_reg_8544                                                                                   |  16|   0|   16|          0|
    |x_V_18_reg_8550                                                                                   |  16|   0|   16|          0|
    |x_V_19_reg_8556                                                                                   |  16|   0|   16|          0|
    |x_V_20_reg_8562                                                                                   |  16|   0|   16|          0|
    |x_V_21_reg_8568                                                                                   |  16|   0|   16|          0|
    |x_V_22_reg_8574                                                                                   |  16|   0|   16|          0|
    |x_V_23_reg_8580                                                                                   |  16|   0|   16|          0|
    |x_V_24_reg_8586                                                                                   |  16|   0|   16|          0|
    |x_V_25_reg_8592                                                                                   |  16|   0|   16|          0|
    |x_V_26_reg_8598                                                                                   |  16|   0|   16|          0|
    |x_V_27_reg_8604                                                                                   |  16|   0|   16|          0|
    |x_V_28_reg_8610                                                                                   |  16|   0|   16|          0|
    |x_V_29_reg_8616                                                                                   |  16|   0|   16|          0|
    |x_V_30_reg_8622                                                                                   |  16|   0|   16|          0|
    |x_V_31_reg_8628                                                                                   |  16|   0|   16|          0|
    |x_V_32_reg_8634                                                                                   |  16|   0|   16|          0|
    |x_V_33_reg_8640                                                                                   |  16|   0|   16|          0|
    |x_V_34_reg_8646                                                                                   |  16|   0|   16|          0|
    |x_V_35_reg_8652                                                                                   |  16|   0|   16|          0|
    |x_V_36_reg_8658                                                                                   |  16|   0|   16|          0|
    |x_V_37_reg_8664                                                                                   |  16|   0|   16|          0|
    |x_V_38_reg_8670                                                                                   |  16|   0|   16|          0|
    |x_V_39_reg_8676                                                                                   |  16|   0|   16|          0|
    |x_V_40_reg_8682                                                                                   |  16|   0|   16|          0|
    |x_V_41_reg_8496                                                                                   |  16|   0|   16|          0|
    |x_V_reg_8502                                                                                      |  16|   0|   16|          0|
    +--------------------------------------------------------------------------------------------------+----+----+-----+-----------+
    |Total                                                                                             |4268|   0| 4268|          0|
    +--------------------------------------------------------------------------------------------------+----+----+-----+-----------+



================================================================
== Interface
================================================================
* Summary: 
+----------------------------+-----+-----+------------+---------------------------------------------------------------------+--------------+
|          RTL Ports         | Dir | Bits|  Protocol  |                            Source Object                            |    C Type    |
+----------------------------+-----+-----+------------+---------------------------------------------------------------------+--------------+
|ap_clk                      |   in|    1|  ap_ctrl_hs|  dense<array<ap_ufixed,8u>,array<ap_fixed<18,7,5,3,0>,32u>,config11>|  return value|
|ap_rst                      |   in|    1|  ap_ctrl_hs|  dense<array<ap_ufixed,8u>,array<ap_fixed<18,7,5,3,0>,32u>,config11>|  return value|
|ap_start                    |   in|    1|  ap_ctrl_hs|  dense<array<ap_ufixed,8u>,array<ap_fixed<18,7,5,3,0>,32u>,config11>|  return value|
|start_full_n                |   in|    1|  ap_ctrl_hs|  dense<array<ap_ufixed,8u>,array<ap_fixed<18,7,5,3,0>,32u>,config11>|  return value|
|ap_done                     |  out|    1|  ap_ctrl_hs|  dense<array<ap_ufixed,8u>,array<ap_fixed<18,7,5,3,0>,32u>,config11>|  return value|
|ap_continue                 |   in|    1|  ap_ctrl_hs|  dense<array<ap_ufixed,8u>,array<ap_fixed<18,7,5,3,0>,32u>,config11>|  return value|
|ap_idle                     |  out|    1|  ap_ctrl_hs|  dense<array<ap_ufixed,8u>,array<ap_fixed<18,7,5,3,0>,32u>,config11>|  return value|
|ap_ready                    |  out|    1|  ap_ctrl_hs|  dense<array<ap_ufixed,8u>,array<ap_fixed<18,7,5,3,0>,32u>,config11>|  return value|
|start_out                   |  out|    1|  ap_ctrl_hs|  dense<array<ap_ufixed,8u>,array<ap_fixed<18,7,5,3,0>,32u>,config11>|  return value|
|start_write                 |  out|    1|  ap_ctrl_hs|  dense<array<ap_ufixed,8u>,array<ap_fixed<18,7,5,3,0>,32u>,config11>|  return value|
|layer9_out_dout             |   in|   48|     ap_fifo|                                                           layer9_out|       pointer|
|layer9_out_num_data_valid   |   in|    3|     ap_fifo|                                                           layer9_out|       pointer|
|layer9_out_fifo_cap         |   in|    3|     ap_fifo|                                                           layer9_out|       pointer|
|layer9_out_empty_n          |   in|    1|     ap_fifo|                                                           layer9_out|       pointer|
|layer9_out_read             |  out|    1|     ap_fifo|                                                           layer9_out|       pointer|
|layer11_out_din             |  out|  576|     ap_fifo|                                                          layer11_out|       pointer|
|layer11_out_num_data_valid  |   in|    2|     ap_fifo|                                                          layer11_out|       pointer|
|layer11_out_fifo_cap        |   in|    2|     ap_fifo|                                                          layer11_out|       pointer|
|layer11_out_full_n          |   in|    1|     ap_fifo|                                                          layer11_out|       pointer|
|layer11_out_write           |  out|    1|     ap_fifo|                                                          layer11_out|       pointer|
+----------------------------+-----+-----+------------+---------------------------------------------------------------------+--------------+

