

================================================================
== Vitis HLS Report for 'normalize_array_ap_fixed_32u_array_ap_fixed_35_13_5_3_0_32u_config13_s'
================================================================
* Date:           Thu Jul  2 23:53:17 2026

* Version:        2022.2 (Build 3670227 on Oct 13 2022)
* Project:        myproject_prj
* Solution:       solution1 (Vivado IP Flow Target)
* Product family: zynq
* Target device:  xc7z020-clg400-1


================================================================
== Performance Estimates
================================================================
+ Timing: 
    * Summary: 
    +--------+---------+----------+------------+
    |  Clock |  Target | Estimated| Uncertainty|
    +--------+---------+----------+------------+
    |ap_clk  |  5.00 ns|  4.302 ns|     1.35 ns|
    +--------+---------+----------+------------+

+ Latency: 
    * Summary: 
    +---------+---------+-----------+-----------+-----+-----+---------+
    |  Latency (cycles) |   Latency (absolute)  |  Interval | Pipeline|
    |   min   |   max   |    min    |    max    | min | max |   Type  |
    +---------+---------+-----------+-----------+-----+-----+---------+
    |       19|       19|  95.000 ns|  95.000 ns|   19|   19|       no|
    +---------+---------+-----------+-----------+-----+-----+---------+

    + Detail: 
        * Instance: 
        N/A

        * Loop: 
        N/A



================================================================
== Utilization Estimates
================================================================
* Summary: 
+-----------------+---------+-----+--------+-------+-----+
|       Name      | BRAM_18K| DSP |   FF   |  LUT  | URAM|
+-----------------+---------+-----+--------+-------+-----+
|DSP              |        -|    -|       -|      -|    -|
|Expression       |        -|    -|       0|   1213|    -|
|FIFO             |        -|    -|       -|      -|    -|
|Instance         |        -|    2|     150|      4|    -|
|Memory           |        -|    -|       -|      -|    -|
|Multiplexer      |        -|    -|       -|    466|    -|
|Register         |        -|    -|    2619|      -|    -|
+-----------------+---------+-----+--------+-------+-----+
|Total            |        0|    2|    2769|   1683|    0|
+-----------------+---------+-----+--------+-------+-----+
|Available        |      280|  220|  106400|  53200|    0|
+-----------------+---------+-----+--------+-------+-----+
|Utilization (%)  |        0|   ~0|       2|      3|    0|
+-----------------+---------+-----+--------+-------+-----+

+ Detail: 
    * Instance: 
    +--------------------------+---------------------+---------+----+----+----+-----+
    |         Instance         |        Module       | BRAM_18K| DSP| FF | LUT| URAM|
    +--------------------------+---------------------+---------+----+----+----+-----+
    |mul_18s_16ns_33_2_1_U350  |mul_18s_16ns_33_2_1  |        0|   1|  75|   2|    0|
    |mul_18s_16ns_33_2_1_U351  |mul_18s_16ns_33_2_1  |        0|   1|  75|   2|    0|
    +--------------------------+---------------------+---------+----+----+----+-----+
    |Total                     |                     |        0|   2| 150|   4|    0|
    +--------------------------+---------------------+---------+----+----+----+-----+

    * DSP: 
    N/A

    * Memory: 
    N/A

    * FIFO: 
    N/A

    * Expression: 
    +---------------------+----------+----+---+----+------------+------------+
    |    Variable Name    | Operation| DSP| FF| LUT| Bitwidth P0| Bitwidth P1|
    +---------------------+----------+----+---+----+------------+------------+
    |ret_V_14_fu_933_p2   |         +|   0|  0|  39|          32|          23|
    |ret_V_15_fu_938_p2   |         +|   0|  0|  39|          32|          22|
    |ret_V_16_fu_943_p2   |         +|   0|  0|  39|          32|          21|
    |ret_V_17_fu_948_p2   |         +|   0|  0|  39|          32|          26|
    |ret_V_18_fu_953_p2   |         +|   0|  0|  39|          32|          23|
    |ret_V_19_fu_958_p2   |         +|   0|  0|  39|          32|          20|
    |ret_V_20_fu_963_p2   |         +|   0|  0|  39|          32|          24|
    |ret_V_21_fu_968_p2   |         +|   0|  0|  39|          32|          24|
    |ret_V_22_fu_973_p2   |         +|   0|  0|  39|          32|          21|
    |ret_V_23_fu_978_p2   |         +|   0|  0|  39|          32|          24|
    |ret_V_24_fu_983_p2   |         +|   0|  0|  39|          32|          22|
    |ret_V_25_fu_988_p2   |         +|   0|  0|  39|          32|          23|
    |ret_V_26_fu_993_p2   |         +|   0|  0|  39|          32|          24|
    |ret_V_27_fu_998_p2   |         +|   0|  0|  39|          32|          23|
    |ret_V_28_fu_1003_p2  |         +|   0|  0|  39|          32|          22|
    |ret_V_29_fu_1008_p2  |         +|   0|  0|  39|          32|          21|
    |ret_V_30_fu_1013_p2  |         +|   0|  0|  39|          32|          21|
    |ret_V_31_fu_1018_p2  |         +|   0|  0|  39|          32|          23|
    |ret_V_32_fu_1023_p2  |         +|   0|  0|  39|          32|          25|
    |ret_V_33_fu_1028_p2  |         +|   0|  0|  40|          33|          23|
    |ret_V_34_fu_1033_p2  |         +|   0|  0|  39|          32|          24|
    |ret_V_35_fu_1038_p2  |         +|   0|  0|  39|          32|          23|
    |ret_V_36_fu_1043_p2  |         +|   0|  0|  40|          33|          24|
    |ret_V_37_fu_1048_p2  |         +|   0|  0|  39|          32|          24|
    |ret_V_38_fu_1053_p2  |         +|   0|  0|  39|          32|          24|
    |ret_V_39_fu_1058_p2  |         +|   0|  0|  39|          32|          25|
    |ret_V_40_fu_1063_p2  |         +|   0|  0|  39|          32|          24|
    |ret_V_41_fu_1068_p2  |         +|   0|  0|  39|          32|          22|
    |ret_V_42_fu_1073_p2  |         +|   0|  0|  39|          32|          23|
    |ret_V_43_fu_1078_p2  |         +|   0|  0|  39|          32|          25|
    |ret_V_fu_928_p2      |         +|   0|  0|  39|          32|          26|
    |ap_block_state1      |        or|   0|  0|   2|           1|           1|
    +---------------------+----------+----+---+----+------------+------------+
    |Total                |          |   0|  0|1213|         995|         720|
    +---------------------+----------+----+---+----+------------+------------+

    * Multiplexer: 
    +-------------------+-----+-----------+-----+-----------+
    |        Name       | LUT | Input Size| Bits| Total Bits|
    +-------------------+-----+-----------+-----+-----------+
    |ap_NS_fsm          |  106|         21|    1|         21|
    |ap_done            |    9|          2|    1|          2|
    |grp_fu_273_p0      |   81|         17|   18|        306|
    |grp_fu_273_p1      |   81|         17|   16|        272|
    |grp_fu_274_p0      |   81|         17|   18|        306|
    |grp_fu_274_p1      |   81|         17|   16|        272|
    |layer11_out_blk_n  |    9|          2|    1|          2|
    |layer13_out_blk_n  |    9|          2|    1|          2|
    |real_start         |    9|          2|    1|          2|
    +-------------------+-----+-----------+-----+-----------+
    |Total              |  466|         97|   73|       1185|
    +-------------------+-----+-----------+-----+-----------+

    * Register: 
    +------------------------+----+----+-----+-----------+
    |          Name          | FF | LUT| Bits| Const Bits|
    +------------------------+----+----+-----+-----------+
    |a_V_10_reg_1308         |  18|   0|   18|          0|
    |a_V_11_reg_1313         |  18|   0|   18|          0|
    |a_V_12_reg_1318         |  18|   0|   18|          0|
    |a_V_13_reg_1323         |  18|   0|   18|          0|
    |a_V_14_reg_1328         |  18|   0|   18|          0|
    |a_V_15_reg_1333         |  18|   0|   18|          0|
    |a_V_16_reg_1338         |  18|   0|   18|          0|
    |a_V_17_reg_1343         |  18|   0|   18|          0|
    |a_V_18_reg_1348         |  18|   0|   18|          0|
    |a_V_19_reg_1353         |  18|   0|   18|          0|
    |a_V_1_reg_1263          |  18|   0|   18|          0|
    |a_V_20_reg_1358         |  18|   0|   18|          0|
    |a_V_21_reg_1363         |  18|   0|   18|          0|
    |a_V_22_reg_1368         |  18|   0|   18|          0|
    |a_V_23_reg_1373         |  18|   0|   18|          0|
    |a_V_24_reg_1378         |  18|   0|   18|          0|
    |a_V_25_reg_1383         |  18|   0|   18|          0|
    |a_V_26_reg_1388         |  18|   0|   18|          0|
    |a_V_27_reg_1393         |  18|   0|   18|          0|
    |a_V_28_reg_1398         |  18|   0|   18|          0|
    |a_V_29_reg_1403         |  18|   0|   18|          0|
    |a_V_2_reg_1268          |  18|   0|   18|          0|
    |a_V_30_reg_1253         |  18|   0|   18|          0|
    |a_V_31_reg_1258         |  18|   0|   18|          0|
    |a_V_3_reg_1273          |  18|   0|   18|          0|
    |a_V_4_reg_1278          |  18|   0|   18|          0|
    |a_V_5_reg_1283          |  18|   0|   18|          0|
    |a_V_6_reg_1288          |  18|   0|   18|          0|
    |a_V_7_reg_1293          |  18|   0|   18|          0|
    |a_V_8_reg_1298          |  18|   0|   18|          0|
    |a_V_9_reg_1303          |  18|   0|   18|          0|
    |a_V_reg_1248            |  18|   0|   18|          0|
    |ap_CS_fsm               |  20|   0|   20|          0|
    |ap_done_reg             |   1|   0|    1|          0|
    |mul_ln1347_10_reg_1518  |  32|   0|   32|          0|
    |mul_ln1347_11_reg_1523  |  32|   0|   32|          0|
    |mul_ln1347_12_reg_1538  |  32|   0|   32|          0|
    |mul_ln1347_13_reg_1543  |  32|   0|   32|          0|
    |mul_ln1347_14_reg_1558  |  32|   0|   32|          0|
    |mul_ln1347_15_reg_1563  |  32|   0|   32|          0|
    |mul_ln1347_16_reg_1578  |  32|   0|   32|          0|
    |mul_ln1347_17_reg_1583  |  32|   0|   32|          0|
    |mul_ln1347_18_reg_1598  |  32|   0|   32|          0|
    |mul_ln1347_19_reg_1603  |  32|   0|   32|          0|
    |mul_ln1347_1_reg_1423   |  32|   0|   32|          0|
    |mul_ln1347_20_reg_1618  |  33|   0|   33|          0|
    |mul_ln1347_21_reg_1623  |  32|   0|   32|          0|
    |mul_ln1347_22_reg_1638  |  32|   0|   32|          0|
    |mul_ln1347_23_reg_1643  |  33|   0|   33|          0|
    |mul_ln1347_24_reg_1658  |  32|   0|   32|          0|
    |mul_ln1347_25_reg_1663  |  32|   0|   32|          0|
    |mul_ln1347_26_reg_1678  |  32|   0|   32|          0|
    |mul_ln1347_27_reg_1698  |  32|   0|   32|          0|
    |mul_ln1347_28_reg_1703  |  32|   0|   32|          0|
    |mul_ln1347_29_reg_1718  |  32|   0|   32|          0|
    |mul_ln1347_2_reg_1438   |  32|   0|   32|          0|
    |mul_ln1347_30_reg_1723  |  32|   0|   32|          0|
    |mul_ln1347_3_reg_1443   |  32|   0|   32|          0|
    |mul_ln1347_4_reg_1458   |  32|   0|   32|          0|
    |mul_ln1347_5_reg_1463   |  32|   0|   32|          0|
    |mul_ln1347_6_reg_1478   |  32|   0|   32|          0|
    |mul_ln1347_7_reg_1483   |  32|   0|   32|          0|
    |mul_ln1347_8_reg_1498   |  32|   0|   32|          0|
    |mul_ln1347_9_reg_1503   |  32|   0|   32|          0|
    |mul_ln1347_reg_1418     |  32|   0|   32|          0|
    |r_V_37_reg_1683         |  33|   0|   33|          0|
    |ret_V_14_reg_1733       |  32|   0|   32|          0|
    |ret_V_15_reg_1738       |  32|   0|   32|          0|
    |ret_V_16_reg_1743       |  32|   0|   32|          0|
    |ret_V_17_reg_1748       |  32|   0|   32|          0|
    |ret_V_18_reg_1753       |  32|   0|   32|          0|
    |ret_V_19_reg_1758       |  32|   0|   32|          0|
    |ret_V_20_reg_1763       |  32|   0|   32|          0|
    |ret_V_21_reg_1768       |  32|   0|   32|          0|
    |ret_V_22_reg_1773       |  32|   0|   32|          0|
    |ret_V_23_reg_1778       |  32|   0|   32|          0|
    |ret_V_24_reg_1783       |  32|   0|   32|          0|
    |ret_V_25_reg_1788       |  32|   0|   32|          0|
    |ret_V_26_reg_1793       |  32|   0|   32|          0|
    |ret_V_27_reg_1798       |  32|   0|   32|          0|
    |ret_V_28_reg_1803       |  32|   0|   32|          0|
    |ret_V_29_reg_1808       |  32|   0|   32|          0|
    |ret_V_30_reg_1813       |  32|   0|   32|          0|
    |ret_V_31_reg_1818       |  32|   0|   32|          0|
    |ret_V_32_reg_1823       |  32|   0|   32|          0|
    |ret_V_33_reg_1828       |  33|   0|   33|          0|
    |ret_V_34_reg_1833       |  32|   0|   32|          0|
    |ret_V_35_reg_1838       |  32|   0|   32|          0|
    |ret_V_36_reg_1843       |  33|   0|   33|          0|
    |ret_V_37_reg_1848       |  32|   0|   32|          0|
    |ret_V_38_reg_1853       |  32|   0|   32|          0|
    |ret_V_39_reg_1858       |  32|   0|   32|          0|
    |ret_V_40_reg_1863       |  32|   0|   32|          0|
    |ret_V_41_reg_1868       |  32|   0|   32|          0|
    |ret_V_42_reg_1873       |  32|   0|   32|          0|
    |ret_V_43_reg_1878       |  32|   0|   32|          0|
    |ret_V_reg_1728          |  32|   0|   32|          0|
    |start_once_reg          |   1|   0|    1|          0|
    +------------------------+----+----+-----+-----------+
    |Total                   |2619|   0| 2619|          0|
    +------------------------+----+----+-----+-----------+



================================================================
== Interface
================================================================
* Summary: 
+----------------------------+-----+------+------------+--------------------------------------------------------------------------+--------------+
|          RTL Ports         | Dir | Bits |  Protocol  |                               Source Object                              |    C Type    |
+----------------------------+-----+------+------------+--------------------------------------------------------------------------+--------------+
|ap_clk                      |   in|     1|  ap_ctrl_hs|  normalize<array<ap_fixed,32u>,array<ap_fixed<35,13,5,3,0>,32u>,config13>|  return value|
|ap_rst                      |   in|     1|  ap_ctrl_hs|  normalize<array<ap_fixed,32u>,array<ap_fixed<35,13,5,3,0>,32u>,config13>|  return value|
|ap_start                    |   in|     1|  ap_ctrl_hs|  normalize<array<ap_fixed,32u>,array<ap_fixed<35,13,5,3,0>,32u>,config13>|  return value|
|start_full_n                |   in|     1|  ap_ctrl_hs|  normalize<array<ap_fixed,32u>,array<ap_fixed<35,13,5,3,0>,32u>,config13>|  return value|
|ap_done                     |  out|     1|  ap_ctrl_hs|  normalize<array<ap_fixed,32u>,array<ap_fixed<35,13,5,3,0>,32u>,config13>|  return value|
|ap_continue                 |   in|     1|  ap_ctrl_hs|  normalize<array<ap_fixed,32u>,array<ap_fixed<35,13,5,3,0>,32u>,config13>|  return value|
|ap_idle                     |  out|     1|  ap_ctrl_hs|  normalize<array<ap_fixed,32u>,array<ap_fixed<35,13,5,3,0>,32u>,config13>|  return value|
|ap_ready                    |  out|     1|  ap_ctrl_hs|  normalize<array<ap_fixed,32u>,array<ap_fixed<35,13,5,3,0>,32u>,config13>|  return value|
|start_out                   |  out|     1|  ap_ctrl_hs|  normalize<array<ap_fixed,32u>,array<ap_fixed<35,13,5,3,0>,32u>,config13>|  return value|
|start_write                 |  out|     1|  ap_ctrl_hs|  normalize<array<ap_fixed,32u>,array<ap_fixed<35,13,5,3,0>,32u>,config13>|  return value|
|layer11_out_dout            |   in|   576|     ap_fifo|                                                               layer11_out|       pointer|
|layer11_out_num_data_valid  |   in|     2|     ap_fifo|                                                               layer11_out|       pointer|
|layer11_out_fifo_cap        |   in|     2|     ap_fifo|                                                               layer11_out|       pointer|
|layer11_out_empty_n         |   in|     1|     ap_fifo|                                                               layer11_out|       pointer|
|layer11_out_read            |  out|     1|     ap_fifo|                                                               layer11_out|       pointer|
|layer13_out_din             |  out|  1120|     ap_fifo|                                                               layer13_out|       pointer|
|layer13_out_num_data_valid  |   in|     2|     ap_fifo|                                                               layer13_out|       pointer|
|layer13_out_fifo_cap        |   in|     2|     ap_fifo|                                                               layer13_out|       pointer|
|layer13_out_full_n          |   in|     1|     ap_fifo|                                                               layer13_out|       pointer|
|layer13_out_write           |  out|     1|     ap_fifo|                                                               layer13_out|       pointer|
+----------------------------+-----+------+------------+--------------------------------------------------------------------------+--------------+

