

================================================================
== Vitis HLS Report for 'zeropad2d_cl_array_array_ap_ufixed_6_0_4_0_0_4u_config19_Pipeline_PadMain'
================================================================
* Date:           Thu Jul  2 23:53:02 2026

* Version:        2022.2 (Build 3670227 on Oct 13 2022)
* Project:        myproject_prj
* Solution:       solution1 (Vivado IP Flow Target)
* Product family: zynq
* Target device:  xc7z020-clg400-1


================================================================
== Performance Estimates
================================================================
+ Timing: 
    * Summary: 
    +--------+---------+----------+------------+
    |  Clock |  Target | Estimated| Uncertainty|
    +--------+---------+----------+------------+
    |ap_clk  |  5.00 ns|  1.825 ns|     1.35 ns|
    +--------+---------+----------+------------+

+ Latency: 
    * Summary: 
    +---------+---------+----------+----------+-----+-----+---------+
    |  Latency (cycles) |  Latency (absolute) |  Interval | Pipeline|
    |   min   |   max   |    min   |    max   | min | max |   Type  |
    +---------+---------+----------+----------+-----+-----+---------+
    |       26|       26|  0.130 us|  0.130 us|   26|   26|       no|
    +---------+---------+----------+----------+-----+-----+---------+

    + Detail: 
        * Instance: 
        N/A

        * Loop: 
        +-----------+---------+---------+----------+-----------+-----------+------+----------+
        |           |  Latency (cycles) | Iteration|  Initiation Interval  | Trip |          |
        | Loop Name |   min   |   max   |  Latency |  achieved |   target  | Count| Pipelined|
        +-----------+---------+---------+----------+-----------+-----------+------+----------+
        |- PadMain  |       24|       24|         7|          6|          1|     4|       yes|
        +-----------+---------+---------+----------+-----------+-----------+------+----------+

============================================================
+ Verbose Summary: Synthesis Manager
============================================================
InlineROM: 1
ExposeGlobal: 0
============================================================
+ Verbose Summary: CDFG Model
============================================================
IsTopModel: 0
ResetActiveHigh: 1
IsCombinational: 0
IsDatapathOnly: 0
HasWiredReturn: 1
HasMFsm: 2
HasVarLatency: 1
IsPipeline: 0
IsRtlPipelined: 0
IsInstanceOverlapped: 0
IsDontTouch: 0
HasImplIP: 0
IsGatedGlobalClock: 0

+ Individual pipeline summary: 
  * Pipeline-0: initiation interval (II) = 6, depth = 7


============================================================
+ Verbose Summary: Schedule
============================================================
* Number of FSM states : 7
* Pipeline : 1
  Pipeline-0 : II = 6, D = 7, States = { 1 2 3 4 5 6 7 }
* Dataflow Pipeline: 0

* FSM state transitions: 
1 --> 2 
2 --> 3 
3 --> 4 
4 --> 5 
5 --> 6 
6 --> 7 
7 --> 

* FSM state operations: 

State 1 <SV = 0> <Delay = 1.65>
ST_1 : Operation 10 [1/1] (0.00ns)   --->   "%i = alloca i32 1"   --->   Operation 10 'alloca' 'i' <Predicate = true> <Delay = 0.00>
ST_1 : Operation 11 [1/1] (0.00ns)   --->   "%specinterface_ln0 = specinterface void @_ssdm_op_SpecInterface, i24 %layer5_out, void @empty_21, i32 0, i32 0, void @empty_10, i32 0, i32 0, void @empty_10, void @empty_10, void @empty_10, i32 0, i32 0, i32 0, i32 0, void @empty_10, void @empty_10, i32 4294967295, i32 0"   --->   Operation 11 'specinterface' 'specinterface_ln0' <Predicate = true> <Delay = 0.00>
ST_1 : Operation 12 [1/1] (0.00ns)   --->   "%specinterface_ln0 = specinterface void @_ssdm_op_SpecInterface, i24 %layer19_out, void @empty_21, i32 0, i32 0, void @empty_10, i32 0, i32 0, void @empty_10, void @empty_10, void @empty_10, i32 0, i32 0, i32 0, i32 0, void @empty_10, void @empty_10, i32 4294967295, i32 0"   --->   Operation 12 'specinterface' 'specinterface_ln0' <Predicate = true> <Delay = 0.00>
ST_1 : Operation 13 [1/1] (1.58ns)   --->   "%store_ln0 = store i3 0, i3 %i"   --->   Operation 13 'store' 'store_ln0' <Predicate = true> <Delay = 1.58>
ST_1 : Operation 14 [1/1] (0.00ns)   --->   "%br_ln0 = br void %PadLeft"   --->   Operation 14 'br' 'br_ln0' <Predicate = true> <Delay = 0.00>
ST_1 : Operation 15 [1/1] (0.00ns)   --->   "%i_1 = load i3 %i" [firmware/nnet_utils/nnet_padding_stream.h:59]   --->   Operation 15 'load' 'i_1' <Predicate = true> <Delay = 0.00>
ST_1 : Operation 16 [1/1] (0.00ns)   --->   "%specpipeline_ln0 = specpipeline void @_ssdm_op_SpecPipeline, i32 4294967295, i32 0, i32 1, i32 0, void @p_str"   --->   Operation 16 'specpipeline' 'specpipeline_ln0' <Predicate = true> <Delay = 0.00>
ST_1 : Operation 17 [1/1] (1.13ns)   --->   "%icmp_ln59 = icmp_eq  i3 %i_1, i3 4" [firmware/nnet_utils/nnet_padding_stream.h:59]   --->   Operation 17 'icmp' 'icmp_ln59' <Predicate = true> <Delay = 1.13> <CoreInst = "Cmp">   --->   Core 9 'Cmp' <Latency = 0> <II = 1> <Delay = 1.13> <FuncUnit> <Opcode : 'icmp'> <InPorts = 2> <OutPorts = 1>
ST_1 : Operation 18 [1/1] (0.00ns)   --->   "%empty = speclooptripcount i32 @_ssdm_op_SpecLoopTripCount, i64 4, i64 4, i64 4"   --->   Operation 18 'speclooptripcount' 'empty' <Predicate = true> <Delay = 0.00>
ST_1 : Operation 19 [1/1] (1.65ns)   --->   "%i_2 = add i3 %i_1, i3 1" [firmware/nnet_utils/nnet_padding_stream.h:59]   --->   Operation 19 'add' 'i_2' <Predicate = true> <Delay = 1.65> <CoreInst = "Adder">   --->   Core 1 'Adder' <Latency = 0> <II = 1> <Delay = 1.65> <FuncUnit> <Opcode : 'add' 'sub'> <InPorts = 2> <OutPorts = 1>
ST_1 : Operation 20 [1/1] (0.00ns)   --->   "%br_ln59 = br i1 %icmp_ln59, void %PadLeft.split, void %for.inc50.preheader.exitStub" [firmware/nnet_utils/nnet_padding_stream.h:59]   --->   Operation 20 'br' 'br_ln59' <Predicate = true> <Delay = 0.00>
ST_1 : Operation 34 [1/1] (0.00ns)   --->   "%ret_ln0 = ret"   --->   Operation 34 'ret' 'ret_ln0' <Predicate = (icmp_ln59)> <Delay = 0.00>

State 2 <SV = 1> <Delay = 1.82>
ST_2 : Operation 21 [1/1] (1.82ns)   --->   "%write_ln15 = write void @_ssdm_op_Write.ap_fifo.volatile.i24P0A, i24 %layer19_out, i24 0" [firmware/nnet_utils/nnet_padding_stream.h:15]   --->   Operation 21 'write' 'write_ln15' <Predicate = (!icmp_ln59)> <Delay = 1.82> <CoreInst = "FIFO_SRL">   --->   Core 81 'FIFO_SRL' <Latency = 0> <II = 1> <Delay = 3.72> <Storage> <Opcode : 'read' 'write' 'nbread' 'nbwrite'> <Ports = 0> <Width = 24> <Depth = 36> <FIFO>
ST_2 : Operation 22 [1/1] (1.82ns)   --->   "%layer5_out_read = read i24 @_ssdm_op_Read.ap_fifo.volatile.i24P0A, i24 %layer5_out" [firmware/nnet_utils/nnet_padding_stream.h:20]   --->   Operation 22 'read' 'layer5_out_read' <Predicate = (!icmp_ln59)> <Delay = 1.82> <CoreInst = "FIFO_SRL">   --->   Core 81 'FIFO_SRL' <Latency = 0> <II = 1> <Delay = 3.80> <Storage> <Opcode : 'read' 'write' 'nbread' 'nbwrite'> <Ports = 0> <Width = 24> <Depth = 16> <FIFO>
ST_2 : Operation 23 [1/1] (1.58ns)   --->   "%store_ln59 = store i3 %i_2, i3 %i" [firmware/nnet_utils/nnet_padding_stream.h:59]   --->   Operation 23 'store' 'store_ln59' <Predicate = (!icmp_ln59)> <Delay = 1.58>

State 3 <SV = 2> <Delay = 1.82>
ST_3 : Operation 24 [1/1] (1.82ns)   --->   "%write_ln26 = write void @_ssdm_op_Write.ap_fifo.volatile.i24P0A, i24 %layer19_out, i24 %layer5_out_read" [firmware/nnet_utils/nnet_padding_stream.h:26]   --->   Operation 24 'write' 'write_ln26' <Predicate = (!icmp_ln59)> <Delay = 1.82> <CoreInst = "FIFO_SRL">   --->   Core 81 'FIFO_SRL' <Latency = 0> <II = 1> <Delay = 3.72> <Storage> <Opcode : 'read' 'write' 'nbread' 'nbwrite'> <Ports = 0> <Width = 24> <Depth = 36> <FIFO>
ST_3 : Operation 25 [1/1] (1.82ns)   --->   "%layer5_out_read_1 = read i24 @_ssdm_op_Read.ap_fifo.volatile.i24P0A, i24 %layer5_out" [firmware/nnet_utils/nnet_padding_stream.h:20]   --->   Operation 25 'read' 'layer5_out_read_1' <Predicate = (!icmp_ln59)> <Delay = 1.82> <CoreInst = "FIFO_SRL">   --->   Core 81 'FIFO_SRL' <Latency = 0> <II = 1> <Delay = 3.80> <Storage> <Opcode : 'read' 'write' 'nbread' 'nbwrite'> <Ports = 0> <Width = 24> <Depth = 16> <FIFO>

State 4 <SV = 3> <Delay = 1.82>
ST_4 : Operation 26 [1/1] (1.82ns)   --->   "%write_ln26 = write void @_ssdm_op_Write.ap_fifo.volatile.i24P0A, i24 %layer19_out, i24 %layer5_out_read_1" [firmware/nnet_utils/nnet_padding_stream.h:26]   --->   Operation 26 'write' 'write_ln26' <Predicate = (!icmp_ln59)> <Delay = 1.82> <CoreInst = "FIFO_SRL">   --->   Core 81 'FIFO_SRL' <Latency = 0> <II = 1> <Delay = 3.72> <Storage> <Opcode : 'read' 'write' 'nbread' 'nbwrite'> <Ports = 0> <Width = 24> <Depth = 36> <FIFO>
ST_4 : Operation 27 [1/1] (1.82ns)   --->   "%layer5_out_read_2 = read i24 @_ssdm_op_Read.ap_fifo.volatile.i24P0A, i24 %layer5_out" [firmware/nnet_utils/nnet_padding_stream.h:20]   --->   Operation 27 'read' 'layer5_out_read_2' <Predicate = (!icmp_ln59)> <Delay = 1.82> <CoreInst = "FIFO_SRL">   --->   Core 81 'FIFO_SRL' <Latency = 0> <II = 1> <Delay = 3.80> <Storage> <Opcode : 'read' 'write' 'nbread' 'nbwrite'> <Ports = 0> <Width = 24> <Depth = 16> <FIFO>

State 5 <SV = 4> <Delay = 1.82>
ST_5 : Operation 28 [1/1] (1.82ns)   --->   "%write_ln26 = write void @_ssdm_op_Write.ap_fifo.volatile.i24P0A, i24 %layer19_out, i24 %layer5_out_read_2" [firmware/nnet_utils/nnet_padding_stream.h:26]   --->   Operation 28 'write' 'write_ln26' <Predicate = (!icmp_ln59)> <Delay = 1.82> <CoreInst = "FIFO_SRL">   --->   Core 81 'FIFO_SRL' <Latency = 0> <II = 1> <Delay = 3.72> <Storage> <Opcode : 'read' 'write' 'nbread' 'nbwrite'> <Ports = 0> <Width = 24> <Depth = 36> <FIFO>
ST_5 : Operation 29 [1/1] (1.82ns)   --->   "%layer5_out_read_3 = read i24 @_ssdm_op_Read.ap_fifo.volatile.i24P0A, i24 %layer5_out" [firmware/nnet_utils/nnet_padding_stream.h:20]   --->   Operation 29 'read' 'layer5_out_read_3' <Predicate = (!icmp_ln59)> <Delay = 1.82> <CoreInst = "FIFO_SRL">   --->   Core 81 'FIFO_SRL' <Latency = 0> <II = 1> <Delay = 3.80> <Storage> <Opcode : 'read' 'write' 'nbread' 'nbwrite'> <Ports = 0> <Width = 24> <Depth = 16> <FIFO>

State 6 <SV = 5> <Delay = 1.82>
ST_6 : Operation 30 [1/1] (1.82ns)   --->   "%write_ln26 = write void @_ssdm_op_Write.ap_fifo.volatile.i24P0A, i24 %layer19_out, i24 %layer5_out_read_3" [firmware/nnet_utils/nnet_padding_stream.h:26]   --->   Operation 30 'write' 'write_ln26' <Predicate = (!icmp_ln59)> <Delay = 1.82> <CoreInst = "FIFO_SRL">   --->   Core 81 'FIFO_SRL' <Latency = 0> <II = 1> <Delay = 3.72> <Storage> <Opcode : 'read' 'write' 'nbread' 'nbwrite'> <Ports = 0> <Width = 24> <Depth = 36> <FIFO>

State 7 <SV = 6> <Delay = 1.82>
ST_7 : Operation 31 [1/1] (0.00ns)   --->   "%specloopname_ln59 = specloopname void @_ssdm_op_SpecLoopName, void @empty_16" [firmware/nnet_utils/nnet_padding_stream.h:59]   --->   Operation 31 'specloopname' 'specloopname_ln59' <Predicate = true> <Delay = 0.00>
ST_7 : Operation 32 [1/1] (1.82ns)   --->   "%write_ln15 = write void @_ssdm_op_Write.ap_fifo.volatile.i24P0A, i24 %layer19_out, i24 0" [firmware/nnet_utils/nnet_padding_stream.h:15]   --->   Operation 32 'write' 'write_ln15' <Predicate = true> <Delay = 1.82> <CoreInst = "FIFO_SRL">   --->   Core 81 'FIFO_SRL' <Latency = 0> <II = 1> <Delay = 3.72> <Storage> <Opcode : 'read' 'write' 'nbread' 'nbwrite'> <Ports = 0> <Width = 24> <Depth = 36> <FIFO>
ST_7 : Operation 33 [1/1] (0.00ns)   --->   "%br_ln59 = br void %PadLeft" [firmware/nnet_utils/nnet_padding_stream.h:59]   --->   Operation 33 'br' 'br_ln59' <Predicate = true> <Delay = 0.00>


============================================================
+ Verbose Summary: Timing violations
============================================================
Target clock period: 5ns, clock uncertainty: 1.35ns.

 <State 1>: 1.65ns
The critical path consists of the following:
	'alloca' operation ('i') [3]  (0 ns)
	'load' operation ('i', firmware/nnet_utils/nnet_padding_stream.h:59) on local variable 'i' [9]  (0 ns)
	'add' operation ('i', firmware/nnet_utils/nnet_padding_stream.h:59) [13]  (1.65 ns)

 <State 2>: 1.83ns
The critical path consists of the following:
	fifo write operation ('write_ln15', firmware/nnet_utils/nnet_padding_stream.h:15) on port 'layer19_out' (firmware/nnet_utils/nnet_padding_stream.h:15) [17]  (1.83 ns)

 <State 3>: 1.83ns
The critical path consists of the following:
	fifo write operation ('write_ln26', firmware/nnet_utils/nnet_padding_stream.h:26) on port 'layer19_out' (firmware/nnet_utils/nnet_padding_stream.h:26) [19]  (1.83 ns)

 <State 4>: 1.83ns
The critical path consists of the following:
	fifo write operation ('write_ln26', firmware/nnet_utils/nnet_padding_stream.h:26) on port 'layer19_out' (firmware/nnet_utils/nnet_padding_stream.h:26) [21]  (1.83 ns)

 <State 5>: 1.83ns
The critical path consists of the following:
	fifo write operation ('write_ln26', firmware/nnet_utils/nnet_padding_stream.h:26) on port 'layer19_out' (firmware/nnet_utils/nnet_padding_stream.h:26) [23]  (1.83 ns)

 <State 6>: 1.83ns
The critical path consists of the following:
	fifo write operation ('write_ln26', firmware/nnet_utils/nnet_padding_stream.h:26) on port 'layer19_out' (firmware/nnet_utils/nnet_padding_stream.h:26) [25]  (1.83 ns)

 <State 7>: 1.83ns
The critical path consists of the following:
	fifo write operation ('write_ln15', firmware/nnet_utils/nnet_padding_stream.h:15) on port 'layer19_out' (firmware/nnet_utils/nnet_padding_stream.h:15) [26]  (1.83 ns)


============================================================
+ Verbose Summary: Binding
============================================================
N/A
* FSMD analyzer results:
  - Output states:
 - Input state : 
  - Chain level:
	State 1
	State 2
	State 3
	State 4
	State 5
	State 6
	State 7


============================================================
+ Verbose Summary: Datapath Resource usage 
============================================================
N/A
