#-----------------------------------------------------------
# Vivado v2024.1 (64-bit)
# SW Build 5076996 on Wed May 22 18:37:14 MDT 2024
# IP Build 5075265 on Wed May 22 21:45:21 MDT 2024
# SharedData Build 5076995 on Wed May 22 18:29:18 MDT 2024
# Start of session at: Thu Jul  2 23:00:34 2026
# Process ID: 9376
# Current directory: C:/work/project_mnist/project_mnist.runs/synth_1/prj/sol/impl/ip
# Command line: vivado.exe -notrace -mode batch -source run_ippack.tcl
# Log file: C:/work/project_mnist/project_mnist.runs/synth_1/prj/sol/impl/ip/vivado.log
# Journal file: C:/work/project_mnist/project_mnist.runs/synth_1/prj/sol/impl/ip\vivado.jou
# Running On        :VALDERSYM
# Platform          :Windows Server 2016 or Windows 10
# Operating System  :26200
# Processor Detail  :AMD Ryzen 5 5600X 6-Core Processor             
# CPU Frequency     :3693 MHz
# CPU Physical cores:6
# CPU Logical cores :12
# Host memory       :51458 MB
# Swap memory       :6710 MB
# Total Virtual     :58169 MB
# Available Virtual :30672 MB
#-----------------------------------------------------------
source run_ippack.tcl -notrace
